Component: ARM Compiler 5.06 update 6 (build 750) Tool: armlink [4d35ed]

==============================================================================

Section Cross References

    system_stm32f4xx.o(i.SystemCoreClockUpdate) refers to system_stm32f4xx.o(.data) for SystemCoreClock
    system_stm32f4xx.o(i.SystemInit) refers to system_stm32f4xx.o(i.SetSysClock) for SetSysClock
    startup_stm32f411xe.o(RESET) refers to startup_stm32f411xe.o(STACK) for __initial_sp
    startup_stm32f411xe.o(RESET) refers to startup_stm32f411xe.o(.text) for Reset_Handler
    startup_stm32f411xe.o(RESET) refers to port.o(.emb_text) for SVC_Handler
    startup_stm32f411xe.o(RESET) refers to delay.o(i.SysTick_Handler) for SysTick_Handler
    startup_stm32f411xe.o(RESET) refers to rtc.o(i.RTC_WKUP_IRQHandler) for RTC_WKUP_IRQHandler
    startup_stm32f411xe.o(RESET) refers to exit.o(i.EXTI0_IRQHandler) for EXTI0_IRQHandler
    startup_stm32f411xe.o(RESET) refers to usart.o(i.USART1_IRQHandler) for USART1_IRQHandler
    startup_stm32f411xe.o(RESET) refers to rtc.o(i.RTC_Alarm_IRQHandler) for RTC_Alarm_IRQHandler
    startup_stm32f411xe.o(.text) refers to system_stm32f4xx.o(i.SystemInit) for SystemInit
    startup_stm32f411xe.o(.text) refers to entry.o(.ARM.Collect$$$$00000000) for __main
    delay.o(i.SysTick_Handler) refers to tasks.o(i.xTaskGetSchedulerState) for xTaskGetSchedulerState
    delay.o(i.SysTick_Handler) refers to port.o(i.xPortSysTickHandler) for xPortSysTickHandler
    delay.o(i.delay_init) refers to system_stm32f4xx.o(.data) for SystemCoreClock
    delay.o(i.delay_init) refers to delay.o(.data) for fac_us
    delay.o(i.delay_ms) refers to tasks.o(i.xTaskGetSchedulerState) for xTaskGetSchedulerState
    delay.o(i.delay_ms) refers to tasks.o(i.vTaskDelay) for vTaskDelay
    delay.o(i.delay_ms) refers to delay.o(i.delay_us) for delay_us
    delay.o(i.delay_ms) refers to delay.o(.data) for fac_ms
    delay.o(i.delay_us) refers to delay.o(.data) for fac_us
    delay.o(i.delay_xms) refers to delay.o(i.delay_us) for delay_us
    sys.o(i.MY_NVIC_Init) refers to sys.o(i.MY_NVIC_PriorityGroupConfig) for MY_NVIC_PriorityGroupConfig
    sys.o(i.Stm32_Clock_Init) refers to sys.o(i.Sys_Clock_Set) for Sys_Clock_Set
    sys.o(i.Stm32_Clock_Init) refers to sys.o(i.MY_NVIC_SetVectorTable) for MY_NVIC_SetVectorTable
    sys.o(i.Sys_Standby) refers to sys.o(i.WFI_SET) for WFI_SET
    usart.o(i.USART1_IRQHandler) refers to usart.o(.data) for USART_RX_STA
    usart.o(i.USART1_IRQHandler) refers to usart.o(.bss) for USART_RX_BUF
    usart.o(i.uart_init) refers to sys.o(i.GPIO_Set) for GPIO_Set
    usart.o(i.uart_init) refers to sys.o(i.GPIO_AF_Set) for GPIO_AF_Set
    usart.o(i.uart_init) refers to sys.o(i.MY_NVIC_Init) for MY_NVIC_Init
    spi.o(i.SPI2_Init) refers to sys.o(i.GPIO_Set) for GPIO_Set
    spi.o(i.SPI2_Init) refers to sys.o(i.GPIO_AF_Set) for GPIO_AF_Set
    spi.o(i.SPI2_Init) refers to spi.o(i.SPI2_ReadWriteByte) for SPI2_ReadWriteByte
    event_groups.o(i.vEventGroupClearBitsCallback) refers to event_groups.o(i.xEventGroupClearBits) for xEventGroupClearBits
    event_groups.o(i.vEventGroupDelete) refers to tasks.o(i.vTaskSuspendAll) for vTaskSuspendAll
    event_groups.o(i.vEventGroupDelete) refers to printfa.o(i.__0printf) for __2printf
    event_groups.o(i.vEventGroupDelete) refers to tasks.o(i.xTaskRemoveFromUnorderedEventList) for xTaskRemoveFromUnorderedEventList
    event_groups.o(i.vEventGroupDelete) refers to heap_4.o(i.vPortFree) for vPortFree
    event_groups.o(i.vEventGroupDelete) refers to tasks.o(i.xTaskResumeAll) for xTaskResumeAll
    event_groups.o(i.vEventGroupSetBitsCallback) refers to event_groups.o(i.xEventGroupSetBits) for xEventGroupSetBits
    event_groups.o(i.xEventGroupClearBits) refers to printfa.o(i.__0printf) for __2printf
    event_groups.o(i.xEventGroupClearBits) refers to port.o(i.vPortEnterCritical) for vPortEnterCritical
    event_groups.o(i.xEventGroupClearBits) refers to port.o(i.vPortExitCritical) for vPortExitCritical
    event_groups.o(i.xEventGroupClearBitsFromISR) refers to timers.o(i.xTimerPendFunctionCallFromISR) for xTimerPendFunctionCallFromISR
    event_groups.o(i.xEventGroupClearBitsFromISR) refers to event_groups.o(i.vEventGroupClearBitsCallback) for vEventGroupClearBitsCallback
    event_groups.o(i.xEventGroupCreate) refers to heap_4.o(i.pvPortMalloc) for pvPortMalloc
    event_groups.o(i.xEventGroupCreate) refers to list.o(i.vListInitialise) for vListInitialise
    event_groups.o(i.xEventGroupSetBits) refers to printfa.o(i.__0printf) for __2printf
    event_groups.o(i.xEventGroupSetBits) refers to tasks.o(i.vTaskSuspendAll) for vTaskSuspendAll
    event_groups.o(i.xEventGroupSetBits) refers to tasks.o(i.xTaskRemoveFromUnorderedEventList) for xTaskRemoveFromUnorderedEventList
    event_groups.o(i.xEventGroupSetBits) refers to tasks.o(i.xTaskResumeAll) for xTaskResumeAll
[...]
    ../fplib/microlib/f2d.c                  0x00000000   Number         0  f2d.o ABSOLUTE
    ../fplib/microlib/fpadd.c                0x00000000   Number         0  dadd.o ABSOLUTE
    ../fplib/microlib/fpdiv.c                0x00000000   Number         0  ddiv.o ABSOLUTE
    ../fplib/microlib/fpepilogue.c           0x00000000   Number         0  depilogue.o ABSOLUTE
    ../fplib/microlib/fpfix.c                0x00000000   Number         0  dfixul.o ABSOLUTE
    ../fplib/microlib/fpmul.c                0x00000000   Number         0  dmul.o ABSOLUTE
    CMSIS\\system_stm32f4xx.c                0x00000000   Number         0  system_stm32f4xx.o ABSOLUTE
    CMSIS\startup_stm32f411xe.s              0x00000000   Number         0  startup_stm32f411xe.o ABSOLUTE
    CMSIS\system_stm32f4xx.c                 0x00000000   Number         0  system_stm32f4xx.o ABSOLUTE
    FreeRTOS\\croutine.c                     0x00000000   Number         0  croutine.o ABSOLUTE
    FreeRTOS\\event_groups.c                 0x00000000   Number         0  event_groups.o ABSOLUTE
    FreeRTOS\\list.c                         0x00000000   Number         0  list.o ABSOLUTE
    FreeRTOS\\portable\\MemMang\\heap_4.c    0x00000000   Number         0  heap_4.o ABSOLUTE
    FreeRTOS\\portable\\RVDS\\ARM_CM4F\\port.c 0x00000000   Number         0  port.o ABSOLUTE
    FreeRTOS\\queue.c                        0x00000000   Number         0  queue.o ABSOLUTE
    FreeRTOS\\tasks.c                        0x00000000   Number         0  tasks.o ABSOLUTE
    FreeRTOS\\timers.c                       0x00000000   Number         0  timers.o ABSOLUTE
    FreeRTOS\croutine.c                      0x00000000   Number         0  croutine.o ABSOLUTE
    FreeRTOS\event_groups.c                  0x00000000   Number         0  event_groups.o ABSOLUTE
    FreeRTOS\list.c                          0x00000000   Number         0  list.o ABSOLUTE
    FreeRTOS\portable\MemMang\heap_4.c       0x00000000   Number         0  heap_4.o ABSOLUTE
    FreeRTOS\portable\RVDS\ARM_CM4F\port.c   0x00000000   Number         0  port.o ABSOLUTE
    FreeRTOS\queue.c                         0x00000000   Number         0  queue.o ABSOLUTE
    FreeRTOS\tasks.c                         0x00000000   Number         0  tasks.o ABSOLUTE
    FreeRTOS\timers.c                        0x00000000   Number         0  timers.o ABSOLUTE
    SYSTEM\\src\\delay.c                     0x00000000   Number         0  delay.o ABSOLUTE
    SYSTEM\\src\\spi.c                       0x00000000   Number         0  spi.o ABSOLUTE
    SYSTEM\\src\\sys.c                       0x00000000   Number         0  sys.o ABSOLUTE
    SYSTEM\\src\\usart.c                     0x00000000   Number         0  usart.o ABSOLUTE
    SYSTEM\src\delay.c                       0x00000000   Number         0  delay.o ABSOLUTE
    SYSTEM\src\spi.c                         0x00000000   Number         0  spi.o ABSOLUTE
    SYSTEM\src\sys.c                         0x00000000   Number         0  sys.o ABSOLUTE
    SYSTEM\src\usart.c                       0x00000000   Number         0  usart.o ABSOLUTE
    USER\\src\\exit.c                        0x00000000   Number         0  exit.o ABSOLUTE
    USER\\src\\hp6.c                         0x00000000   Number         0  hp6.o ABSOLUTE
    USER\\src\\hp6_IIC.c                     0x00000000   Number         0  hp6_iic.o ABSOLUTE
    USER\\src\\key.c                         0x00000000   Number         0  key.o ABSOLUTE
    USER\\src\\led.c                         0x00000000   Number         0  led.o ABSOLUTE
    USER\\src\\main.c                        0x00000000   Number         0  main.o ABSOLUTE
    USER\\src\\motor.c                       0x00000000   Number         0  motor.o ABSOLUTE
    USER\\src\\oled.c                        0x00000000   Number         0  oled.o ABSOLUTE
    USER\\src\\rtc.c                         0x00000000   Number         0  rtc.o ABSOLUTE
    USER\\src\\sht20.c                       0x00000000   Number         0  sht20.o ABSOLUTE
    USER\src\exit.c                          0x00000000   Number         0  exit.o ABSOLUTE
    USER\src\hp6.c                           0x00000000   Number         0  hp6.o ABSOLUTE
    USER\src\hp6_IIC.c                       0x00000000   Number         0  hp6_iic.o ABSOLUTE
    USER\src\key.c                           0x00000000   Number         0  key.o ABSOLUTE
    USER\src\led.c                           0x00000000   Number         0  led.o ABSOLUTE
    USER\src\main.c                          0x00000000   Number         0  main.o ABSOLUTE
    USER\src\motor.c                         0x00000000   Number         0  motor.o ABSOLUTE
    USER\src\oled.c                          0x00000000   Number         0  oled.o ABSOLUTE
    USER\src\rtc.c                           0x00000000   Number         0  rtc.o ABSOLUTE
    USER\src\sht20.c                         0x00000000   Number         0  sht20.o ABSOLUTE
    cdrcmple.s                               0x00000000   Number         0  cdrcmple.o ABSOLUTE
    dc.s                                     0x00000000   Number         0  dc.o ABSOLUTE
    handlers.s                               0x00000000   Number         0  handlers.o ABSOLUTE
    init.s                                   0x00000000   Number         0  init.o ABSOLUTE
    RESET                                    0x08000000   Section      408  startup_stm32f411xe.o(RESET)
    .ARM.Collect$$$$00000000                 0x08000198   Section        0  entry.o(.ARM.Collect$$$$00000000)
    .ARM.Collect$$$$00000001                 0x08000198   Section        4  entry2.o(.ARM.Collect$$$$00000001)
    .ARM.Collect$$$$00000004                 0x0800019c   Section        4  entry5.o(.ARM.Collect$$$$00000004)
    .ARM.Collect$$$$00000008                 0x080001a0   Section        0  entry7b.o(.ARM.Collect$$$$00000008)
    .ARM.Collect$$$$0000000A                 0x080001a0   Section        0  entry8b.o(.ARM.Collect$$$$0000000A)
    .ARM.Collect$$$$0000000B                 0x080001a0   Section        8  entry9a.o(.ARM.Collect$$$$0000000B)
    .ARM.Collect$$$$0000000D                 0x080001a8   Section        0  entry10a.o(.ARM.Collect$$$$0000000D)
    .ARM.Collect$$$$0000000F                 0x080001a8   Section        0  entry11a.o(.ARM.Collect$$$$0000000F)
    .ARM.Collect$$$$00002712                 0x080001a8   Section        4  entry2.o(.ARM.Collect$$$$00002712)
    __lit__00000000                          0x080001a8   Data           4  entry2.o(.ARM.Collect$$$$00002712)
    .emb_text                                0x080001ac   Section      182  port.o(.emb_text)
    $v0                                      0x080001ac   Number         0  port.o(.emb_text)
    .text                                    0x08000264   Section       36  startup_stm32f411xe.o(.text)
    $v0                                      0x08000264   Number         0  startup_stm32f411xe.o(.text)
    .text                                    0x08000288   Section        0  memcpya.o(.text)
    .text                                    0x080002ac   Section        0  memseta.o(.text)
    .text                                    0x080002d0   Section        0  f2d.o(.text)
    .text                                    0x080002f6   Section        0  uidiv.o(.text)
    .text                                    0x08000322   Section        0  uldiv.o(.text)
    .text                                    0x08000384   Section        0  iusefp.o(.text)
    .text                                    0x08000384   Section        0  dadd.o(.text)
    .text                                    0x080004d2   Section        0  dmul.o(.text)
    .text                                    0x080005b6   Section        0  ddiv.o(.text)
    .text                                    0x08000694   Section        0  dfixul.o(.text)
    .text                                    0x080006c4   Section       48  cdrcmple.o(.text)
    .text                                    0x080006f4   Section       36  init.o(.text)
    .text                                    0x08000718   Section        0  llshl.o(.text)
    .text                                    0x08000736   Section        0  llushr.o(.text)
    .text                                    0x08000756   Section        0  llsshr.o(.text)
    .text                                    0x0800077a   Section        0  depilogue.o(.text)
    i.Crc16                                  0x08000834   Section        0  hp6.o(i.Crc16)
    i.EXTI0_IRQHandler                       0x08000864   Section        0  exit.o(i.EXTI0_IRQHandler)
    i.GPIO_AF_Set                            0x08000880   Section        0  sys.o(i.GPIO_AF_Set)
    i.GPIO_Set                               0x080008c0   Section        0  sys.o(i.GPIO_Set)
    i.HP6IIC_Init                            0x080009a0   Section        0  hp6_iic.o(i.HP6IIC_Init)
    i.HP6IIC_ReadByte                        0x080009e8   Section        0  hp6_iic.o(i.HP6IIC_ReadByte)
    i.HP6IIC_Start                           0x08000a60   Section        0  hp6_iic.o(i.HP6IIC_Start)
    i.HP6IIC_Stop                            0x08000a90   Section        0  hp6_iic.o(i.HP6IIC_Stop)
    i.HP6IIC_WriteByte                       0x08000abc   Section        0  hp6_iic.o(i.HP6IIC_WriteByte)
    i.HP_6_CloseBp                           0x08000b38   Section        0  hp6.o(i.HP_6_CloseBp)
    i.HP_6_CloseRate                         0x08000b78   Section        0  hp6.o(i.HP_6_CloseRate)
    i.HP_6_GetBpResult                       0x08000bb8   Section        0  hp6.o(i.HP_6_GetBpResult)
    i.HP_6_GetRateResult                     0x08000be4   Section        0  hp6.o(i.HP_6_GetRateResult)
    i.HP_6_GetResultData                     0x08000c10   Section        0  hp6.o(i.HP_6_GetResultData)
    i.HP_6_OpenBp                            0x08000c34   Section        0  hp6.o(i.HP_6_OpenBp)
    i.HP_6_OpenRate                          0x08000c70   Section        0  hp6.o(i.HP_6_OpenRate)
    i.HP_6_SendCmd                           0x08000cac   Section        0  hp6.o(i.HP_6_SendCmd)
    i.Hp_6_I2CRead                           0x08000cf2   Section        0  hp6.o(i.Hp_6_I2CRead)
    i.Hp_6_I2CWrite                          0x08000d32   Section        0  hp6.o(i.Hp_6_I2CWrite)
    i.Hp_6_init                              0x08000d64   Section        0  hp6.o(i.Hp_6_init)
    i.IIC_Ack                                0x08000dc8   Section        0  sht20.o(i.IIC_Ack)
    i.IIC_Init                               0x08000e18   Section        0  sht20.o(i.IIC_Init)
    i.IIC_NAck                               0x08000e5c   Section        0  sht20.o(i.IIC_NAck)
    i.IIC_Read_Byte                          0x08000eac   Section        0  sht20.o(i.IIC_Read_Byte)
    i.IIC_Send_Byte                          0x08000f18   Section        0  sht20.o(i.IIC_Send_Byte)
    i.IIC_Start                              0x08000f84   Section        0  sht20.o(i.IIC_Start)
    i.IIC_Stop                               0x08000fd0   Section        0  sht20.o(i.IIC_Stop)
    i.IIC_Wait_Ack                           0x0800101c   Section        0  sht20.o(i.IIC_Wait_Ack)
    i.KEY_Scan                               0x0800108c   Section        0  key.o(i.KEY_Scan)
    i.LED_Init                               0x080010d8   Section        0  led.o(i.LED_Init)
    i.MOTOR_Init                             0x0800112c   Section        0  motor.o(i.MOTOR_Init)
    i.MY_NVIC_Init                           0x080011bc   Section        0  sys.o(i.MY_NVIC_Init)
    i.MY_NVIC_PriorityGroupConfig            0x08001234   Section        0  sys.o(i.MY_NVIC_PriorityGroupConfig)
    i.OLED_Clear                             0x0800125c   Section        0  oled.o(i.OLED_Clear)
    i.OLED_DrawPoint                         0x08001284   Section        0  oled.o(i.OLED_DrawPoint)
    i.OLED_Init                              0x080012fc   Section        0  oled.o(i.OLED_Init)
    i.OLED_Refresh                           0x08001488   Section        0  oled.o(i.OLED_Refresh)
    i.OLED_ShowChar                          0x080014d4   Section        0  oled.o(i.OLED_ShowChar)
    i.OLED_ShowChinese                       0x08001610   Section        0  oled.o(i.OLED_ShowChinese)
    i.OLED_ShowString                        0x08001714   Section        0  oled.o(i.OLED_ShowString)
    i.OLED_WR_Byte                           0x08001760   Section        0  oled.o(i.OLED_WR_Byte)
    i.RTC_Alarm_IRQHandler                   0x080017cc   Section        0  rtc.o(i.RTC_Alarm_IRQHandler)
    i.RTC_BCD2DEC                            0x0800180c   Section        0  rtc.o(i.RTC_BCD2DEC)
    i.RTC_DEC2BCD                            0x08001822   Section        0  rtc.o(i.RTC_DEC2BCD)
    i.RTC_Get_Date                           0x08001840   Section        0  rtc.o(i.RTC_Get_Date)
    i.RTC_Get_Time                           0x08001884   Section        0  rtc.o(i.RTC_Get_Time)
    i.RTC_Init                               0x080018c8   Section        0  rtc.o(i.RTC_Init)
    i.RTC_Init_Mode                          0x080019bc   Section        0  rtc.o(i.RTC_Init_Mode)
    i.RTC_Read_BKR                           0x080019fc   Section        0  rtc.o(i.RTC_Read_BKR)
    i.RTC_Set_Date                           0x08001a10   Section        0  rtc.o(i.RTC_Set_Date)
    i.RTC_Set_Time                           0x08001a74   Section        0  rtc.o(i.RTC_Set_Time)
    i.RTC_Set_WakeUp                         0x08001ad8   Section        0  rtc.o(i.RTC_Set_WakeUp)
    i.RTC_WKUP_IRQHandler                    0x08001b94   Section        0  rtc.o(i.RTC_WKUP_IRQHandler)
    i.RTC_Wait_Synchro                       0x08001bc0   Section        0  rtc.o(i.RTC_Wait_Synchro)
    i.RTC_Write_BKR                          0x08001c08   Section        0  rtc.o(i.RTC_Write_BKR)
    i.SHT2x_GetHumiPoll                      0x08001c18   Section        0  sht20.o(i.SHT2x_GetHumiPoll)
    i.SHT2x_GetTempPoll                      0x08001cd4   Section        0  sht20.o(i.SHT2x_GetTempPoll)
    i.SHT2x_Init                             0x08001d98   Section        0  sht20.o(i.SHT2x_Init)
    i.SHT2x_SoftReset                        0x08001da8   Section        0  sht20.o(i.SHT2x_SoftReset)
    i.SetSysClock                            0x08001dc8   Section        0  system_stm32f4xx.o(i.SetSysClock)
    SetSysClock                              0x08001dc9   Thumb Code   138  system_stm32f4xx.o(i.SetSysClock)
    i.SysTick_Handler                        0x08001e64   Section        0  delay.o(i.SysTick_Handler)
    i.SystemInit                             0x08001e74   Section        0  system_stm32f4xx.o(i.SystemInit)
    i.USART1_IRQHandler                      0x08001edc   Section        0  usart.o(i.USART1_IRQHandler)
    i.__0printf                              0x08001f5c   Section        0  printfa.o(i.__0printf)
    i.__0sprintf                             0x08001f7c   Section        0  printfa.o(i.__0sprintf)
    i.__scatterload_copy                     0x08001fa4   Section       14  handlers.o(i.__scatterload_copy)
    i.__scatterload_null                     0x08001fb2   Section        2  handlers.o(i.__scatterload_null)
    i.__scatterload_zeroinit                 0x08001fb4   Section       14  handlers.o(i.__scatterload_zeroinit)
    i._fp_digits                             0x08001fc4   Section        0  printfa.o(i._fp_digits)
    _fp_digits                               0x08001fc5   Thumb Code   366  printfa.o(i._fp_digits)
    i._printf_core                           0x08002148   Section        0  printfa.o(i._printf_core)
    _printf_core                             0x08002149   Thumb Code  1744  printfa.o(i._printf_core)
    i._printf_post_padding                   0x08002824   Section        0  printfa.o(i._printf_post_padding)
    _printf_post_padding                     0x08002825   Thumb Code    36  printfa.o(i._printf_post_padding)
    i._printf_pre_padding                    0x08002848   Section        0  printfa.o(i._printf_pre_padding)
    _printf_pre_padding                      0x08002849   Thumb Code    46  printfa.o(i._printf_pre_padding)
    i._sputc                                 0x08002876   Section        0  printfa.o(i._sputc)
    _sputc                                   0x08002877   Thumb Code    10  printfa.o(i._sputc)
    i.data                                   0x08002880   Section        0  main.o(i.data)
    i.delay_init                             0x080029c0   Section        0  delay.o(i.delay_init)
    i.delay_ms                               0x08002a24   Section        0  delay.o(i.delay_ms)
    i.delay_us                               0x08002a64   Section        0  delay.o(i.delay_us)
    i.fputc                                  0x08002aac   Section        0  usart.o(i.fputc)
    i.key_init                               0x08002ac8   Section        0  key.o(i.key_init)
    i.main                                   0x08002af4   Section        0  main.o(i.main)
    i.output                                 0x08002c3c   Section        0  main.o(i.output)
    i.prvAddCurrentTaskToDelayedList         0x08003000   Section        0  tasks.o(i.prvAddCurrentTaskToDelayedList)
    prvAddCurrentTaskToDelayedList           0x08003001   Thumb Code   124  tasks.o(i.prvAddCurrentTaskToDelayedList)
    i.prvAddNewTaskToReadyList               0x08003098   Section        0  tasks.o(i.prvAddNewTaskToReadyList)
    prvAddNewTaskToReadyList                 0x08003099   Thumb Code   156  tasks.o(i.prvAddNewTaskToReadyList)
    i.prvCheckForValidListAndQueue           0x08003150   Section        0  timers.o(i.prvCheckForValidListAndQueue)
    prvCheckForValidListAndQueue             0x08003151   Thumb Code    72  timers.o(i.prvCheckForValidListAndQueue)
    i.prvCheckTasksWaitingTermination        0x080031b4   Section        0  tasks.o(i.prvCheckTasksWaitingTermination)
    prvCheckTasksWaitingTermination          0x080031b5   Thumb Code    86  tasks.o(i.prvCheckTasksWaitingTermination)
    i.prvCopyDataFromQueue                   0x08003218   Section        0  queue.o(i.prvCopyDataFromQueue)
    prvCopyDataFromQueue                     0x08003219   Thumb Code    42  queue.o(i.prvCopyDataFromQueue)
    i.prvCopyDataToQueue                     0x08003242   Section        0  queue.o(i.prvCopyDataToQueue)
    prvCopyDataToQueue                       0x08003243   Thumb Code   124  queue.o(i.prvCopyDataToQueue)
    i.prvDeleteTCB                           0x080032be   Section        0  tasks.o(i.prvDeleteTCB)
    prvDeleteTCB                             0x080032bf   Thumb Code    18  tasks.o(i.prvDeleteTCB)
    i.prvGetNextExpireTime                   0x080032d0   Section        0  timers.o(i.prvGetNextExpireTime)
    prvGetNextExpireTime                     0x080032d1   Thumb Code    36  timers.o(i.prvGetNextExpireTime)
    i.prvHeapInit                            0x080032f8   Section        0  heap_4.o(i.prvHeapInit)
    prvHeapInit                              0x080032f9   Thumb Code    98  heap_4.o(i.prvHeapInit)
    i.prvIdleTask                            0x08003374   Section        0  tasks.o(i.prvIdleTask)
    prvIdleTask                              0x08003375   Thumb Code    32  tasks.o(i.prvIdleTask)
    i.prvInitialiseNewQueue                  0x0800339c   Section        0  queue.o(i.prvInitialiseNewQueue)
    prvInitialiseNewQueue                    0x0800339d   Thumb Code    46  queue.o(i.prvInitialiseNewQueue)
    i.prvInitialiseNewTask                   0x080033cc   Section        0  tasks.o(i.prvInitialiseNewTask)
    prvInitialiseNewTask                     0x080033cd   Thumb Code   170  tasks.o(i.prvInitialiseNewTask)
    i.prvInitialiseTaskLists                 0x0800349c   Section        0  tasks.o(i.prvInitialiseTaskLists)
    prvInitialiseTaskLists                   0x0800349d   Thumb Code    70  tasks.o(i.prvInitialiseTaskLists)
    i.prvInsertBlockIntoFreeList             0x08003504   Section        0  heap_4.o(i.prvInsertBlockIntoFreeList)
    prvInsertBlockIntoFreeList               0x08003505   Thumb Code    96  heap_4.o(i.prvInsertBlockIntoFreeList)
    i.prvInsertTimerInActiveList             0x0800356c   Section        0  timers.o(i.prvInsertTimerInActiveList)
    prvInsertTimerInActiveList               0x0800356d   Thumb Code    80  timers.o(i.prvInsertTimerInActiveList)
    i.prvIsQueueEmpty                        0x080035c4   Section        0  queue.o(i.prvIsQueueEmpty)
    prvIsQueueEmpty                          0x080035c5   Thumb Code    26  queue.o(i.prvIsQueueEmpty)
    i.prvIsQueueFull                         0x080035de   Section        0  queue.o(i.prvIsQueueFull)
    prvIsQueueFull                           0x080035df   Thumb Code    30  queue.o(i.prvIsQueueFull)
    i.prvNotifyQueueSetContainer             0x080035fc   Section        0  queue.o(i.prvNotifyQueueSetContainer)
    prvNotifyQueueSetContainer               0x080035fd   Thumb Code   124  queue.o(i.prvNotifyQueueSetContainer)
    i.prvProcessExpiredTimer                 0x0800369c   Section        0  timers.o(i.prvProcessExpiredTimer)
    prvProcessExpiredTimer                   0x0800369d   Thumb Code    84  timers.o(i.prvProcessExpiredTimer)
    i.prvProcessReceivedCommands             0x08003718   Section        0  timers.o(i.prvProcessReceivedCommands)
    prvProcessReceivedCommands               0x08003719   Thumb Code   254  timers.o(i.prvProcessReceivedCommands)
    i.prvProcessTimerOrBlockTask             0x08003840   Section        0  timers.o(i.prvProcessTimerOrBlockTask)
    prvProcessTimerOrBlockTask               0x08003841   Thumb Code   102  timers.o(i.prvProcessTimerOrBlockTask)
    i.prvResetNextTaskUnblockTime            0x080038b4   Section        0  tasks.o(i.prvResetNextTaskUnblockTime)
    prvResetNextTaskUnblockTime              0x080038b5   Thumb Code    42  tasks.o(i.prvResetNextTaskUnblockTime)
    i.prvSampleTimeNow                       0x080038e8   Section        0  timers.o(i.prvSampleTimeNow)
    prvSampleTimeNow                         0x080038e9   Thumb Code    40  timers.o(i.prvSampleTimeNow)
    i.prvSwitchTimerLists                    0x08003914   Section        0  timers.o(i.prvSwitchTimerLists)
    prvSwitchTimerLists                      0x08003915   Thumb Code   140  timers.o(i.prvSwitchTimerLists)
    i.prvTaskExitError                       0x080039cc   Section        0  port.o(i.prvTaskExitError)
    prvTaskExitError                         0x080039cd   Thumb Code    50  port.o(i.prvTaskExitError)
    i.prvTimerTask                           0x08003a3c   Section        0  timers.o(i.prvTimerTask)
    prvTimerTask                             0x08003a3d   Thumb Code    26  timers.o(i.prvTimerTask)
    i.prvUnlockQueue                         0x08003a56   Section        0  queue.o(i.prvUnlockQueue)
    prvUnlockQueue                           0x08003a57   Thumb Code   146  queue.o(i.prvUnlockQueue)
    i.pvPortMalloc                           0x08003ae8   Section        0  heap_4.o(i.pvPortMalloc)
    i.pvTaskIncrementMutexHeldCount          0x08003c38   Section        0  tasks.o(i.pvTaskIncrementMutexHeldCount)
    i.pxPortInitialiseStack                  0x08003c58   Section        0  port.o(i.pxPortInitialiseStack)
    i.start_task                             0x08003c84   Section        0  main.o(i.start_task)
    i.state                                  0x08003d18   Section        0  main.o(i.state)
    i.uart_init                              0x08003de0   Section        0  usart.o(i.uart_init)
    i.uxListRemove                           0x08003ee0   Section        0  list.o(i.uxListRemove)
    i.vListInitialise                        0x08003f08   Section        0  list.o(i.vListInitialise)
    i.vListInitialiseItem                    0x08003f22   Section        0  list.o(i.vListInitialiseItem)
    i.vListInsert                            0x08003f28   Section        0  list.o(i.vListInsert)
    i.vListInsertEnd                         0x08003f5c   Section        0  list.o(i.vListInsertEnd)
    i.vPortEnterCritical                     0x08003f74   Section        0  port.o(i.vPortEnterCritical)
    i.vPortExitCritical                      0x08003ff8   Section        0  port.o(i.vPortExitCritical)
    i.vPortFree                              0x08004064   Section        0  heap_4.o(i.vPortFree)
    i.vPortSetupTimerInterrupt               0x08004118   Section        0  port.o(i.vPortSetupTimerInterrupt)
    i.vPortValidateInterruptPriority         0x08004138   Section        0  port.o(i.vPortValidateInterruptPriority)
    i.vQueueAddToRegistry                    0x080041d4   Section        0  queue.o(i.vQueueAddToRegistry)
    i.vQueueWaitForMessageRestricted         0x08004200   Section        0  queue.o(i.vQueueWaitForMessageRestricted)
    i.vTaskDelay                             0x0800424c   Section        0  tasks.o(i.vTaskDelay)
    i.vTaskDelete                            0x080042c0   Section        0  tasks.o(i.vTaskDelete)
    i.vTaskMissedYield                       0x080043cc   Section        0  tasks.o(i.vTaskMissedYield)
    i.vTaskPlaceOnEventList                  0x080043d8   Section        0  tasks.o(i.vTaskPlaceOnEventList)
    i.vTaskPlaceOnEventListRestricted        0x0800442c   Section        0  tasks.o(i.vTaskPlaceOnEventListRestricted)
    i.vTaskPriorityInherit                   0x08004488   Section        0  tasks.o(i.vTaskPriorityInherit)
    i.vTaskSetTimeOutState                   0x08004538   Section        0  tasks.o(i.vTaskSetTimeOutState)
    i.vTaskStartScheduler                    0x08004584   Section        0  tasks.o(i.vTaskStartScheduler)
    i.vTaskSuspendAll                        0x08004630   Section        0  tasks.o(i.vTaskSuspendAll)
    i.vTaskSwitchContext                     0x08004640   Section        0  tasks.o(i.vTaskSwitchContext)
    i.xPortStartScheduler                    0x080046e8   Section        0  port.o(i.xPortStartScheduler)
    i.xPortSysTickHandler                    0x08004840   Section        0  port.o(i.xPortSysTickHandler)
    i.xQueueGenericCreate                    0x08004874   Section        0  queue.o(i.xQueueGenericCreate)
    i.xQueueGenericReceive                   0x080048e8   Section        0  queue.o(i.xQueueGenericReceive)
    i.xQueueGenericReset                     0x08004ab0   Section        0  queue.o(i.xQueueGenericReset)
    i.xQueueGenericSend                      0x08004b60   Section        0  queue.o(i.xQueueGenericSend)
    i.xQueueGenericSendFromISR               0x08004d24   Section        0  queue.o(i.xQueueGenericSendFromISR)
    i.xTaskCheckForTimeOut                   0x08004e34   Section        0  tasks.o(i.xTaskCheckForTimeOut)
    i.xTaskCreate                            0x08004ed4   Section        0  tasks.o(i.xTaskCreate)
    i.xTaskGetSchedulerState                 0x08004f34   Section        0  tasks.o(i.xTaskGetSchedulerState)
    i.xTaskGetTickCount                      0x08004f54   Section        0  tasks.o(i.xTaskGetTickCount)
    i.xTaskIncrementTick                     0x08004f60   Section        0  tasks.o(i.xTaskIncrementTick)
    i.xTaskPriorityDisinherit                0x080050c0   Section        0  tasks.o(i.xTaskPriorityDisinherit)
    i.xTaskRemoveFromEventList               0x08005198   Section        0  tasks.o(i.xTaskRemoveFromEventList)
    i.xTaskResumeAll                         0x0800524c   Section        0  tasks.o(i.xTaskResumeAll)
    i.xTimerCreateTimerTask                  0x0800536c   Section        0  timers.o(i.xTimerCreateTimerTask)
    i.xTimerGenericCommand                   0x080053dc   Section        0  timers.o(i.xTimerGenericCommand)
    .constdata                               0x0800547c   Section     8400  oled.o(.constdata)
    .constdata                               0x0800754c   Section      728  hp6.o(.constdata)
    .data                                    0x20000000   Section       20  system_stm32f4xx.o(.data)
    .data                                    0x20000014   Section        4  delay.o(.data)
    fac_us                                   0x20000014   Data           1  delay.o(.data)
    fac_ms                                   0x20000016   Data           2  delay.o(.data)
    .data                                    0x20000018   Section        6  usart.o(.data)
    .data                                    0x20000020   Section       60  tasks.o(.data)
    pxDelayedTaskList                        0x20000024   Data           4  tasks.o(.data)
    pxOverflowDelayedTaskList                0x20000028   Data           4  tasks.o(.data)
    uxDeletedTasksWaitingCleanUp             0x2000002c   Data           4  tasks.o(.data)
    uxCurrentNumberOfTasks                   0x20000030   Data           4  tasks.o(.data)
    xTickCount                               0x20000034   Data           4  tasks.o(.data)
    uxTopReadyPriority                       0x20000038   Data           4  tasks.o(.data)
    xSchedulerRunning                        0x2000003c   Data           4  tasks.o(.data)
    uxPendedTicks                            0x20000040   Data           4  tasks.o(.data)
    xYieldPending                            0x20000044   Data           4  tasks.o(.data)
    xNumOfOverflows                          0x20000048   Data           4  tasks.o(.data)
    uxTaskNumber                             0x2000004c   Data           4  tasks.o(.data)
    xNextTaskUnblockTime                     0x20000050   Data           4  tasks.o(.data)
    xIdleTaskHandle                          0x20000054   Data           4  tasks.o(.data)
    uxSchedulerSuspended                     0x20000058   Data           4  tasks.o(.data)
    .data                                    0x2000005c   Section       20  timers.o(.data)
    pxCurrentTimerList                       0x2000005c   Data           4  timers.o(.data)
    pxOverflowTimerList                      0x20000060   Data           4  timers.o(.data)
    xTimerQueue                              0x20000064   Data           4  timers.o(.data)
    xTimerTaskHandle                         0x20000068   Data           4  timers.o(.data)
    xLastTime                                0x2000006c   Data           4  timers.o(.data)
    .data                                    0x20000070   Section       24  heap_4.o(.data)
    xStart                                   0x20000070   Data           8  heap_4.o(.data)
    pxEnd                                    0x20000078   Data           4  heap_4.o(.data)
    xFreeBytesRemaining                      0x2000007c   Data           4  heap_4.o(.data)
    xMinimumEverFreeBytesRemaining           0x20000080   Data           4  heap_4.o(.data)
    xBlockAllocatedBit                       0x20000084   Data           4  heap_4.o(.data)
    .data                                    0x20000088   Section       12  port.o(.data)
    uxCriticalNesting                        0x20000088   Data           4  port.o(.data)
    ucMaxSysCallPriority                     0x2000008c   Data           1  port.o(.data)
    ulMaxPRIGROUPValue                       0x20000090   Data           4  port.o(.data)
    .data                                    0x20000094   Section       35  main.o(.data)
    oldPulseVal                              0x200000b6   Data           1  main.o(.data)
    .data                                    0x200000b8   Section       24  exit.o(.data)
    .data                                    0x200000d0   Section        1  key.o(.data)
    key_up                                   0x200000d0   Data           1  key.o(.data)
    .data                                    0x200000d4   Section       16  sht20.o(.data)
    .bss                                     0x200000e4   Section      200  usart.o(.bss)
    .bss                                     0x200001ac   Section       64  queue.o(.bss)
    .bss                                     0x200001ec   Section      740  tasks.o(.bss)
    pxReadyTasksLists                        0x200001ec   Data         640  tasks.o(.bss)
    xDelayedTaskList1                        0x2000046c   Data          20  tasks.o(.bss)
    xDelayedTaskList2                        0x20000480   Data          20  tasks.o(.bss)
    xPendingReadyList                        0x20000494   Data          20  tasks.o(.bss)
    xTasksWaitingTermination                 0x200004a8   Data          20  tasks.o(.bss)
    xSuspendedTaskList                       0x200004bc   Data          20  tasks.o(.bss)
    .bss                                     0x200004d0   Section       40  timers.o(.bss)
    xActiveTimerList1                        0x200004d0   Data          20  timers.o(.bss)
    xActiveTimerList2                        0x200004e4   Data          20  timers.o(.bss)
    .bss                                     0x200004f8   Section    122880  heap_4.o(.bss)
    ucHeap                                   0x200004f8   Data       122880  heap_4.o(.bss)
    .bss                                     0x2001e4f8   Section       40  main.o(.bss)
    .bss                                     0x2001e520   Section     1152  oled.o(.bss)
    .bss                                     0x2001e9a0   Section       48  hp6.o(.bss)
    tx_buf                                   0x2001e9a0   Data          24  hp6.o(.bss)
    rx_buf                                   0x2001e9b8   Data          24  hp6.o(.bss)
    STACK                                    0x2001e9d0   Section     1024  startup_stm32f411xe.o(STACK)

    Global Symbols

    Symbol Name                              Value     Ov Type        Size  Object(Section)

    BuildAttributes$$THM_ISAv4$E$P$D$K$B$S$7EM$VFPi3$EXTD16$VFPS$VFMA$PE$A:L22UL41UL21$X:L11$S22US41US21$IEEE1$IW$USESV6$~STKCKD$USESV7$~SHL$OSPACE$ROPI$EBA8$MICROLIB$REQ8$PRES8$EABIv2 0x00000000   Number         0  anon$$obj.o ABSOLUTE
    __ARM_use_no_argv                        0x00000000   Number         0  main.o ABSOLUTE
    __use_no_errno                           0x00000000   Number         0  useno.o ABSOLUTE
    __use_no_exception_handling              0x00000000   Number         0  useno.o ABSOLUTE
    __use_no_fp                              0x00000000   Number         0  useno.o ABSOLUTE
    __use_no_heap                            0x00000000   Number         0  useno.o ABSOLUTE
    __use_no_heap_region                     0x00000000   Number         0  useno.o ABSOLUTE
    __use_no_semihosting                     0x00000000   Number         0  useno.o ABSOLUTE
    __use_no_semihosting_swi                 0x00000000   Number         0  useno.o ABSOLUTE
    __use_no_signal_handling                 0x00000000   Number         0  useno.o ABSOLUTE
    _printf_a                                0x00000000   Number         0  stubs.o ABSOLUTE
    _printf_c                                0x00000000   Number         0  stubs.o ABSOLUTE
    _printf_charcount                        0x00000000   Number         0  stubs.o ABSOLUTE
    _printf_d                                0x00000000   Number         0  stubs.o ABSOLUTE
    _printf_e                                0x00000000   Number         0  stubs.o ABSOLUTE
    _printf_f                                0x00000000   Number         0  stubs.o ABSOLUTE
    _printf_flags                            0x00000000   Number         0  stubs.o ABSOLUTE
    _printf_fp_dec                           0x00000000   Number         0  stubs.o ABSOLUTE
    _printf_fp_hex                           0x00000000   Number         0  stubs.o ABSOLUTE
    _printf_g                                0x00000000   Number         0  stubs.o ABSOLUTE
    _printf_i                                0x00000000   Number         0  stubs.o ABSOLUTE
    _printf_int_dec                          0x00000000   Number         0  stubs.o ABSOLUTE
    _printf_l                                0x00000000   Number         0  stubs.o ABSOLUTE
    _printf_lc                               0x00000000   Number         0  stubs.o ABSOLUTE
    _printf_ll                               0x00000000   Number         0  stubs.o ABSOLUTE
    _printf_lld                              0x00000000   Number         0  stubs.o ABSOLUTE
    _printf_lli                              0x00000000   Number         0  stubs.o ABSOLUTE
    _printf_llo                              0x00000000   Number         0  stubs.o ABSOLUTE
    _printf_llu                              0x00000000   Number         0  stubs.o ABSOLUTE
    _printf_llx                              0x00000000   Number         0  stubs.o ABSOLUTE
    _printf_longlong_dec                     0x00000000   Number         0  stubs.o ABSOLUTE
    _printf_longlong_hex                     0x00000000   Number         0  stubs.o ABSOLUTE
    _printf_longlong_oct                     0x00000000   Number         0  stubs.o ABSOLUTE
    _printf_ls                               0x00000000   Number         0  stubs.o ABSOLUTE
    _printf_mbtowc                           0x00000000   Number         0  stubs.o ABSOLUTE
    _printf_n                                0x00000000   Number         0  stubs.o ABSOLUTE
    _printf_o                                0x00000000   Number         0  stubs.o ABSOLUTE
    _printf_p                                0x00000000   Number         0  stubs.o ABSOLUTE
    _printf_percent                          0x00000000   Number         0  stubs.o ABSOLUTE
    _printf_pre_padding                      0x00000000   Number         0  stubs.o ABSOLUTE
    _printf_return_value                     0x00000000   Number         0  stubs.o ABSOLUTE
    _printf_s                                0x00000000   Number         0  stubs.o ABSOLUTE
    _printf_sizespec                         0x00000000   Number         0  stubs.o ABSOLUTE
    _printf_str                              0x00000000   Number         0  stubs.o ABSOLUTE
    _printf_truncate_signed                  0x00000000   Number         0  stubs.o ABSOLUTE
    _printf_truncate_unsigned                0x00000000   Number         0  stubs.o ABSOLUTE
    _printf_u                                0x00000000   Number         0  stubs.o ABSOLUTE
    _printf_wc                               0x00000000   Number         0  stubs.o ABSOLUTE
    _printf_wctomb                           0x00000000   Number         0  stubs.o ABSOLUTE
    _printf_widthprec                        0x00000000   Number         0  stubs.o ABSOLUTE
    _printf_x                                0x00000000   Number         0  stubs.o ABSOLUTE
    __cpp_initialize__aeabi_                  - Undefined Weak Reference
    __cxa_finalize                            - Undefined Weak Reference
    __decompress                              - Undefined Weak Reference
    _clock_init                               - Undefined Weak Reference
    _microlib_exit                            - Undefined Weak Reference
    __Vectors_Size                           0x00000198   Number         0  startup_stm32f411xe.o ABSOLUTE
    __Vectors                                0x08000000   Data           4  startup_stm32f411xe.o(RESET)
    __Vectors_End                            0x08000198   Data           0  startup_stm32f411xe.o(RESET)
    __main                                   0x08000199   Thumb Code     0  entry.o(.ARM.Collect$$$$00000000)
    _main_stk                                0x08000199   Thumb Code     0  entry2.o(.ARM.Collect$$$$00000001)
    _main_scatterload                        0x0800019d   Thumb Code     0  entry5.o(.ARM.Collect$$$$00000004)
    __main_after_scatterload                 0x080001a1   Thumb Code     0  entry5.o(.ARM.Collect$$$$00000004)
    _main_clock                              0x080001a1   Thumb Code     0  entry7b.o(.ARM.Collect$$$$00000008)
    _main_cpp_init                           0x080001a1   Thumb Code     0  entry8b.o(.ARM.Collect$$$$0000000A)
    _main_init                               0x080001a1   Thumb Code     0  entry9a.o(.ARM.Collect$$$$0000000B)
    __rt_final_cpp                           0x080001a9   Thumb Code     0  entry10a.o(.ARM.Collect$$$$0000000D)
    __rt_final_exit                          0x080001a9   Thumb Code     0  entry11a.o(.ARM.Collect$$$$0000000F)
    SVC_Handler                              0x080001ad   Thumb Code    28  port.o(.emb_text)
    __asm___6_port_c_39a90d8d__prvStartFirstTask 0x080001cd   Thumb Code    28  port.o(.emb_text)
    __asm___6_port_c_39a90d8d__prvEnableVFP  0x080001ed   Thumb Code    16  port.o(.emb_text)
    PendSV_Handler                           0x08000201   Thumb Code    88  port.o(.emb_text)
    vPortGetIPSR                             0x0800025d   Thumb Code     6  port.o(.emb_text)
    Reset_Handler                            0x08000265   Thumb Code     8  startup_stm32f411xe.o(.text)
    NMI_Handler                              0x0800026d   Thumb Code     2  startup_stm32f411xe.o(.text)
    HardFault_Handler                        0x0800026f   Thumb Code     2  startup_stm32f411xe.o(.text)
    MemManage_Handler                        0x08000271   Thumb Code     2  startup_stm32f411xe.o(.text)
    BusFault_Handler                         0x08000273   Thumb Code     2  startup_stm32f411xe.o(.text)
    UsageFault_Handler                       0x08000275   Thumb Code     2  startup_stm32f411xe.o(.text)
    DebugMon_Handler                         0x08000279   Thumb Code     2  startup_stm32f411xe.o(.text)
    ADC_IRQHandler                           0x0800027f   Thumb Code     0  startup_stm32f411xe.o(.text)
    DMA1_Stream0_IRQHandler                  0x0800027f   Thumb Code     0  startup_stm32f411xe.o(.text)
    DMA1_Stream1_IRQHandler                  0x0800027f   Thumb Code     0  startup_stm32f411xe.o(.text)
    DMA1_Stream2_IRQHandler                  0x0800027f   Thumb Code     0  startup_stm32f411xe.o(.text)
    DMA1_Stream3_IRQHandler                  0x0800027f   Thumb Code     0  startup_stm32f411xe.o(.text)
    DMA1_Stream4_IRQHandler                  0x0800027f   Thumb Code     0  startup_stm32f411xe.o(.text)
    DMA1_Stream5_IRQHandler                  0x0800027f   Thumb Code     0  startup_stm32f411xe.o(.text)
    DMA1_Stream6_IRQHandler                  0x0800027f   Thumb Code     0  startup_stm32f411xe.o(.text)
    DMA1_Stream7_IRQHandler                  0x0800027f   Thumb Code     0  startup_stm32f411xe.o(.text)
    DMA2_Stream0_IRQHandler                  0x0800027f   Thumb Code     0  startup_stm32f411xe.o(.text)
    DMA2_Stream1_IRQHandler                  0x0800027f   Thumb Code     0  startup_stm32f411xe.o(.text)
    DMA2_Stream2_IRQHandler                  0x0800027f   Thumb Code     0  startup_stm32f411xe.o(.text)
    DMA2_Stream3_IRQHandler                  0x0800027f   Thumb Code     0  startup_stm32f411xe.o(.text)
    DMA2_Stream4_IRQHandler                  0x0800027f   Thumb Code     0  startup_stm32f411xe.o(.text)
    DMA2_Stream5_IRQHandler                  0x0800027f   Thumb Code     0  startup_stm32f411xe.o(.text)
    DMA2_Stream6_IRQHandler                  0x0800027f   Thumb Code     0  startup_stm32f411xe.o(.text)
    DMA2_Stream7_IRQHandler                  0x0800027f   Thumb Code     0  startup_stm32f411xe.o(.text)
    EXTI15_10_IRQHandler                     0x0800027f   Thumb Code     0  startup_stm32f411xe.o(.text)
    EXTI1_IRQHandler                         0x0800027f   Thumb Code     0  startup_stm32f411xe.o(.text)
    EXTI2_IRQHandler                         0x0800027f   Thumb Code     0  startup_stm32f411xe.o(.text)
    EXTI3_IRQHandler                         0x0800027f   Thumb Code     0  startup_stm32f411xe.o(.text)
    EXTI4_IRQHandler                         0x0800027f   Thumb Code     0  startup_stm32f411xe.o(.text)
    EXTI9_5_IRQHandler                       0x0800027f   Thumb Code     0  startup_stm32f411xe.o(.text)
    FLASH_IRQHandler                         0x0800027f   Thumb Code     0  startup_stm32f411xe.o(.text)
    FPU_IRQHandler                           0x0800027f   Thumb Code     0  startup_stm32f411xe.o(.text)
    I2C1_ER_IRQHandler                       0x0800027f   Thumb Code     0  startup_stm32f411xe.o(.text)
    I2C1_EV_IRQHandler                       0x0800027f   Thumb Code     0  startup_stm32f411xe.o(.text)
    I2C2_ER_IRQHandler                       0x0800027f   Thumb Code     0  startup_stm32f411xe.o(.text)
    I2C2_EV_IRQHandler                       0x0800027f   Thumb Code     0  startup_stm32f411xe.o(.text)
    I2C3_ER_IRQHandler                       0x0800027f   Thumb Code     0  startup_stm32f411xe.o(.text)
    I2C3_EV_IRQHandler                       0x0800027f   Thumb Code     0  startup_stm32f411xe.o(.text)
    OTG_FS_IRQHandler                        0x0800027f   Thumb Code     0  startup_stm32f411xe.o(.text)
    OTG_FS_WKUP_IRQHandler                   0x0800027f   Thumb Code     0  startup_stm32f411xe.o(.text)
    PVD_IRQHandler                           0x0800027f   Thumb Code     0  startup_stm32f411xe.o(.text)
    RCC_IRQHandler                           0x0800027f   Thumb Code     0  startup_stm32f411xe.o(.text)
    SDIO_IRQHandler                          0x0800027f   Thumb Code     0  startup_stm32f411xe.o(.text)
    SPI1_IRQHandler                          0x0800027f   Thumb Code     0  startup_stm32f411xe.o(.text)
    SPI2_IRQHandler                          0x0800027f   Thumb Code     0  startup_stm32f411xe.o(.text)
    SPI3_IRQHandler                          0x0800027f   Thumb Code     0  startup_stm32f411xe.o(.text)
    SPI4_IRQHandler                          0x0800027f   Thumb Code     0  startup_stm32f411xe.o(.text)
    SPI5_IRQHandler                          0x0800027f   Thumb Code     0  startup_stm32f411xe.o(.text)
    TAMP_STAMP_IRQHandler                    0x0800027f   Thumb Code     0  startup_stm32f411xe.o(.text)
    TIM1_BRK_TIM9_IRQHandler                 0x0800027f   Thumb Code     0  startup_stm32f411xe.o(.text)
    TIM1_CC_IRQHandler                       0x0800027f   Thumb Code     0  startup_stm32f411xe.o(.text)
    TIM1_TRG_COM_TIM11_IRQHandler            0x0800027f   Thumb Code     0  startup_stm32f411xe.o(.text)
    TIM1_UP_TIM10_IRQHandler                 0x0800027f   Thumb Code     0  startup_stm32f411xe.o(.text)
    TIM2_IRQHandler                          0x0800027f   Thumb Code     0  startup_stm32f411xe.o(.text)
    TIM3_IRQHandler                          0x0800027f   Thumb Code     0  startup_stm32f411xe.o(.text)
    TIM4_IRQHandler                          0x0800027f   Thumb Code     0  startup_stm32f411xe.o(.text)
    TIM5_IRQHandler                          0x0800027f   Thumb Code     0  startup_stm32f411xe.o(.text)
    USART2_IRQHandler                        0x0800027f   Thumb Code     0  startup_stm32f411xe.o(.text)
    USART6_IRQHandler                        0x0800027f   Thumb Code     0  startup_stm32f411xe.o(.text)
    WWDG_IRQHandler                          0x0800027f   Thumb Code     0  startup_stm32f411xe.o(.text)
    __aeabi_memcpy                           0x08000289   Thumb Code    36  memcpya.o(.text)
    __aeabi_memcpy4                          0x08000289   Thumb Code     0  memcpya.o(.text)
    __aeabi_memcpy8                          0x08000289   Thumb Code     0  memcpya.o(.text)
    __aeabi_memset                           0x080002ad   Thumb Code    14  memseta.o(.text)
    __aeabi_memset4                          0x080002ad   Thumb Code     0  memseta.o(.text)
    __aeabi_memset8                          0x080002ad   Thumb Code     0  memseta.o(.text)
    __aeabi_memclr                           0x080002bb   Thumb Code     4  memseta.o(.text)
    __aeabi_memclr4                          0x080002bb   Thumb Code     0  memseta.o(.text)
    __aeabi_memclr8                          0x080002bb   Thumb Code     0  memseta.o(.text)
    _memset$wrapper                          0x080002bf   Thumb Code    18  memseta.o(.text)
    __aeabi_f2d                              0x080002d1   Thumb Code    38  f2d.o(.text)
    __aeabi_uidiv                            0x080002f7   Thumb Code     0  uidiv.o(.text)
    __aeabi_uidivmod                         0x080002f7   Thumb Code    44  uidiv.o(.text)
    __aeabi_uldivmod                         0x08000323   Thumb Code    98  uldiv.o(.text)
    __I$use$fp                               0x08000385   Thumb Code     0  iusefp.o(.text)
    __aeabi_dadd                             0x08000385   Thumb Code   322  dadd.o(.text)
    __aeabi_dsub                             0x080004c7   Thumb Code     6  dadd.o(.text)
    __aeabi_drsub                            0x080004cd   Thumb Code     6  dadd.o(.text)
    __aeabi_dmul                             0x080004d3   Thumb Code   228  dmul.o(.text)
    __aeabi_ddiv                             0x080005b7   Thumb Code   222  ddiv.o(.text)
    __aeabi_d2ulz                            0x08000695   Thumb Code    48  dfixul.o(.text)
    __aeabi_cdrcmple                         0x080006c5   Thumb Code    48  cdrcmple.o(.text)
    __scatterload                            0x080006f5   Thumb Code    28  init.o(.text)
    __scatterload_rt2                        0x080006f5   Thumb Code     0  init.o(.text)
    __aeabi_llsl                             0x08000719   Thumb Code    30  llshl.o(.text)
    _ll_shift_l                              0x08000719   Thumb Code     0  llshl.o(.text)
    __aeabi_llsr                             0x08000737   Thumb Code    32  llushr.o(.text)
    _ll_ushift_r                             0x08000737   Thumb Code     0  llushr.o(.text)
    __aeabi_lasr                             0x08000757   Thumb Code    36  llsshr.o(.text)
    _ll_sshift_r                             0x08000757   Thumb Code     0  llsshr.o(.text)
    _double_round                            0x0800077b   Thumb Code    30  depilogue.o(.text)
    _double_epilogue                         0x08000799   Thumb Code   156  depilogue.o(.text)
    Crc16                                    0x08000835   Thumb Code    42  hp6.o(i.Crc16)
    EXTI0_IRQHandler                         0x08000865   Thumb Code    20  exit.o(i.EXTI0_IRQHandler)
    GPIO_AF_Set                              0x08000881   Thumb Code    64  sys.o(i.GPIO_AF_Set)
    GPIO_Set                                 0x080008c1   Thumb Code   222  sys.o(i.GPIO_Set)
    HP6IIC_Init                              0x080009a1   Thumb Code    64  hp6_iic.o(i.HP6IIC_Init)
    HP6IIC_ReadByte                          0x080009e9   Thumb Code   116  hp6_iic.o(i.HP6IIC_ReadByte)
    HP6IIC_Start                             0x08000a61   Thumb Code    44  hp6_iic.o(i.HP6IIC_Start)
    HP6IIC_Stop                              0x08000a91   Thumb Code    40  hp6_iic.o(i.HP6IIC_Stop)
    HP6IIC_WriteByte                         0x08000abd   Thumb Code   118  hp6_iic.o(i.HP6IIC_WriteByte)
    HP_6_CloseBp                             0x08000b39   Thumb Code    48  hp6.o(i.HP_6_CloseBp)
    HP_6_CloseRate                           0x08000b79   Thumb Code    48  hp6.o(i.HP_6_CloseRate)
    HP_6_GetBpResult                         0x08000bb9   Thumb Code    30  hp6.o(i.HP_6_GetBpResult)
    HP_6_GetRateResult                       0x08000be5   Thumb Code    30  hp6.o(i.HP_6_GetRateResult)
    HP_6_GetResultData                       0x08000c11   Thumb Code    32  hp6.o(i.HP_6_GetResultData)
    HP_6_OpenBp                              0x08000c35   Thumb Code    42  hp6.o(i.HP_6_OpenBp)
    HP_6_OpenRate                            0x08000c71   Thumb Code    42  hp6.o(i.HP_6_OpenRate)
    HP_6_SendCmd                             0x08000cad   Thumb Code    70  hp6.o(i.HP_6_SendCmd)
    Hp_6_I2CRead                             0x08000cf3   Thumb Code    64  hp6.o(i.Hp_6_I2CRead)
    Hp_6_I2CWrite                            0x08000d33   Thumb Code    48  hp6.o(i.Hp_6_I2CWrite)
    Hp_6_init                                0x08000d65   Thumb Code    88  hp6.o(i.Hp_6_init)
    IIC_Ack                                  0x08000dc9   Thumb Code    66  sht20.o(i.IIC_Ack)
    IIC_Init                                 0x08000e19   Thumb Code    50  sht20.o(i.IIC_Init)
    IIC_NAck                                 0x08000e5d   Thumb Code    66  sht20.o(i.IIC_NAck)
    IIC_Read_Byte                            0x08000ead   Thumb Code    94  sht20.o(i.IIC_Read_Byte)
    IIC_Send_Byte                            0x08000f19   Thumb Code    94  sht20.o(i.IIC_Send_Byte)
    IIC_Start                                0x08000f85   Thumb Code    64  sht20.o(i.IIC_Start)
    IIC_Stop                                 0x08000fd1   Thumb Code    62  sht20.o(i.IIC_Stop)
    IIC_Wait_Ack                             0x0800101d   Thumb Code    88  sht20.o(i.IIC_Wait_Ack)
    KEY_Scan                                 0x0800108d   Thumb Code    66  key.o(i.KEY_Scan)
    LED_Init                                 0x080010d9   Thumb Code    70  led.o(i.LED_Init)
    MOTOR_Init                               0x0800112d   Thumb Code   136  motor.o(i.MOTOR_Init)
    MY_NVIC_Init                             0x080011bd   Thumb Code   116  sys.o(i.MY_NVIC_Init)
    MY_NVIC_PriorityGroupConfig              0x08001235   Thumb Code    32  sys.o(i.MY_NVIC_PriorityGroupConfig)
    OLED_Clear                               0x0800125d   Thumb Code    36  oled.o(i.OLED_Clear)
    OLED_DrawPoint                           0x08001285   Thumb Code   114  oled.o(i.OLED_DrawPoint)
    OLED_Init                                0x080012fd   Thumb Code   374  oled.o(i.OLED_Init)
    OLED_Refresh                             0x08001489   Thumb Code    70  oled.o(i.OLED_Refresh)
    OLED_ShowChar                            0x080014d5   Thumb Code   300  oled.o(i.OLED_ShowChar)
    OLED_ShowChinese                         0x08001611   Thumb Code   244  oled.o(i.OLED_ShowChinese)
    OLED_ShowString                          0x08001715   Thumb Code    74  oled.o(i.OLED_ShowString)
    OLED_WR_Byte                             0x08001761   Thumb Code    96  oled.o(i.OLED_WR_Byte)
    RTC_Alarm_IRQHandler                     0x080017cd   Thumb Code    44  rtc.o(i.RTC_Alarm_IRQHandler)
    RTC_BCD2DEC                              0x0800180d   Thumb Code    22  rtc.o(i.RTC_BCD2DEC)
    RTC_DEC2BCD                              0x08001823   Thumb Code    28  rtc.o(i.RTC_DEC2BCD)
    RTC_Get_Date                             0x08001841   Thumb Code    64  rtc.o(i.RTC_Get_Date)
    RTC_Get_Time                             0x08001885   Thumb Code    64  rtc.o(i.RTC_Get_Time)
    RTC_Init                                 0x080018c9   Thumb Code   230  rtc.o(i.RTC_Init)
    RTC_Init_Mode                            0x080019bd   Thumb Code    58  rtc.o(i.RTC_Init_Mode)
    RTC_Read_BKR                             0x080019fd   Thumb Code    14  rtc.o(i.RTC_Read_BKR)
    RTC_Set_Date                             0x08001a11   Thumb Code    96  rtc.o(i.RTC_Set_Date)
    RTC_Set_Time                             0x08001a75   Thumb Code    96  rtc.o(i.RTC_Set_Time)
    RTC_Set_WakeUp                           0x08001ad9   Thumb Code   180  rtc.o(i.RTC_Set_WakeUp)
    RTC_WKUP_IRQHandler                      0x08001b95   Thumb Code    36  rtc.o(i.RTC_WKUP_IRQHandler)
    RTC_Wait_Synchro                         0x08001bc1   Thumb Code    64  rtc.o(i.RTC_Wait_Synchro)
    RTC_Write_BKR                            0x08001c09   Thumb Code    12  rtc.o(i.RTC_Write_BKR)
    SHT2x_GetHumiPoll                        0x08001c19   Thumb Code   168  sht20.o(i.SHT2x_GetHumiPoll)
    SHT2x_GetTempPoll                        0x08001cd5   Thumb Code   170  sht20.o(i.SHT2x_GetTempPoll)
    SHT2x_Init                               0x08001d99   Thumb Code    16  sht20.o(i.SHT2x_Init)
    SHT2x_SoftReset                          0x08001da9   Thumb Code    32  sht20.o(i.SHT2x_SoftReset)
    SysTick_Handler                          0x08001e65   Thumb Code    16  delay.o(i.SysTick_Handler)
    SystemInit                               0x08001e75   Thumb Code    88  system_stm32f4xx.o(i.SystemInit)
    USART1_IRQHandler                        0x08001edd   Thumb Code   116  usart.o(i.USART1_IRQHandler)
    __0printf                                0x08001f5d   Thumb Code    22  printfa.o(i.__0printf)
    __1printf                                0x08001f5d   Thumb Code     0  printfa.o(i.__0printf)
    __2printf                                0x08001f5d   Thumb Code     0  printfa.o(i.__0printf)
    __c89printf                              0x08001f5d   Thumb Code     0  printfa.o(i.__0printf)
    printf                                   0x08001f5d   Thumb Code     0  printfa.o(i.__0printf)
    __0sprintf                               0x08001f7d   Thumb Code    34  printfa.o(i.__0sprintf)
    __1sprintf                               0x08001f7d   Thumb Code     0  printfa.o(i.__0sprintf)
    __2sprintf                               0x08001f7d   Thumb Code     0  printfa.o(i.__0sprintf)
    __c89sprintf                             0x08001f7d   Thumb Code     0  printfa.o(i.__0sprintf)
    sprintf                                  0x08001f7d   Thumb Code     0  printfa.o(i.__0sprintf)
    __scatterload_copy                       0x08001fa5   Thumb Code    14  handlers.o(i.__scatterload_copy)
    __scatterload_null                       0x08001fb3   Thumb Code     2  handlers.o(i.__scatterload_null)
    __scatterload_zeroinit                   0x08001fb5   Thumb Code    14  handlers.o(i.__scatterload_zeroinit)
    data                                     0x08002881   Thumb Code   264  main.o(i.data)
    delay_init                               0x080029c1   Thumb Code    82  delay.o(i.delay_init)
    delay_ms                                 0x08002a25   Thumb Code    60  delay.o(i.delay_ms)
    delay_us                                 0x08002a65   Thumb Code    68  delay.o(i.delay_us)
    fputc                                    0x08002aad   Thumb Code    22  usart.o(i.fputc)
    key_init                                 0x08002ac9   Thumb Code    36  key.o(i.key_init)
    main                                     0x08002af5   Thumb Code   296  main.o(i.main)
    output                                   0x08002c3d   Thumb Code   774  main.o(i.output)
    pvPortMalloc                             0x08003ae9   Thumb Code   262  heap_4.o(i.pvPortMalloc)
    pvTaskIncrementMutexHeldCount            0x08003c39   Thumb Code    26  tasks.o(i.pvTaskIncrementMutexHeldCount)
    pxPortInitialiseStack                    0x08003c59   Thumb Code    38  port.o(i.pxPortInitialiseStack)
    start_task                               0x08003c85   Thumb Code    86  main.o(i.start_task)
    state                                    0x08003d19   Thumb Code   188  main.o(i.state)
    uart_init                                0x08003de1   Thumb Code   240  usart.o(i.uart_init)
    uxListRemove                             0x08003ee1   Thumb Code    40  list.o(i.uxListRemove)
    vListInitialise                          0x08003f09   Thumb Code    26  list.o(i.vListInitialise)
    vListInitialiseItem                      0x08003f23   Thumb Code     6  list.o(i.vListInitialiseItem)
    vListInsert                              0x08003f29   Thumb Code    52  list.o(i.vListInsert)
    vListInsertEnd                           0x08003f5d   Thumb Code    24  list.o(i.vListInsertEnd)
    vPortEnterCritical                       0x08003f75   Thumb Code    68  port.o(i.vPortEnterCritical)
    vPortExitCritical                        0x08003ff9   Thumb Code    48  port.o(i.vPortExitCritical)
    vPortFree                                0x08004065   Thumb Code   120  heap_4.o(i.vPortFree)
    vPortSetupTimerInterrupt                 0x08004119   Thumb Code    26  port.o(i.vPortSetupTimerInterrupt)
    vPortValidateInterruptPriority           0x08004139   Thumb Code    86  port.o(i.vPortValidateInterruptPriority)
    vQueueAddToRegistry                      0x080041d5   Thumb Code    38  queue.o(i.vQueueAddToRegistry)
    vQueueWaitForMessageRestricted           0x08004201   Thumb Code    74  queue.o(i.vQueueWaitForMessageRestricted)
    vTaskDelay                               0x0800424d   Thumb Code    72  tasks.o(i.vTaskDelay)
    vTaskDelete                              0x080042c1   Thumb Code   192  tasks.o(i.vTaskDelete)
    vTaskMissedYield                         0x080043cd   Thumb Code     8  tasks.o(i.vTaskMissedYield)
    vTaskPlaceOnEventList                    0x080043d9   Thumb Code    42  tasks.o(i.vTaskPlaceOnEventList)
    vTaskPlaceOnEventListRestricted          0x0800442d   Thumb Code    50  tasks.o(i.vTaskPlaceOnEventListRestricted)
    vTaskPriorityInherit                     0x08004489   Thumb Code   164  tasks.o(i.vTaskPriorityInherit)
    vTaskSetTimeOutState                     0x08004539   Thumb Code    32  tasks.o(i.vTaskSetTimeOutState)
    vTaskStartScheduler                      0x08004585   Thumb Code   108  tasks.o(i.vTaskStartScheduler)
    vTaskSuspendAll                          0x08004631   Thumb Code    12  tasks.o(i.vTaskSuspendAll)
    vTaskSwitchContext                       0x08004641   Thumb Code   110  tasks.o(i.vTaskSwitchContext)
    xPortStartScheduler                      0x080046e9   Thumb Code   258  port.o(i.xPortStartScheduler)
    xPortSysTickHandler                      0x08004841   Thumb Code    46  port.o(i.xPortSysTickHandler)
    xQueueGenericCreate                      0x08004875   Thumb Code    78  queue.o(i.xQueueGenericCreate)
    xQueueGenericReceive                     0x080048e9   Thumb Code   416  queue.o(i.xQueueGenericReceive)
    xQueueGenericReset                       0x08004ab1   Thumb Code   136  queue.o(i.xQueueGenericReset)
    xQueueGenericSend                        0x08004b61   Thumb Code   412  queue.o(i.xQueueGenericSend)
    xQueueGenericSendFromISR                 0x08004d25   Thumb Code   234  queue.o(i.xQueueGenericSendFromISR)
    xTaskCheckForTimeOut                     0x08004e35   Thumb Code   116  tasks.o(i.xTaskCheckForTimeOut)
    xTaskCreate                              0x08004ed5   Thumb Code    96  tasks.o(i.xTaskCreate)
    xTaskGetSchedulerState                   0x08004f35   Thumb Code    24  tasks.o(i.xTaskGetSchedulerState)
    xTaskGetTickCount                        0x08004f55   Thumb Code     6  tasks.o(i.xTaskGetTickCount)
    xTaskIncrementTick                       0x08004f61   Thumb Code   272  tasks.o(i.xTaskIncrementTick)
    xTaskPriorityDisinherit                  0x080050c1   Thumb Code   168  tasks.o(i.xTaskPriorityDisinherit)
    xTaskRemoveFromEventList                 0x08005199   Thumb Code   118  tasks.o(i.xTaskRemoveFromEventList)
    xTaskResumeAll                           0x0800524d   Thumb Code   214  tasks.o(i.xTaskResumeAll)
    xTimerCreateTimerTask                    0x0800536d   Thumb Code    56  timers.o(i.xTimerCreateTimerTask)
    xTimerGenericCommand                     0x080053dd   Thumb Code   118  timers.o(i.xTimerGenericCommand)
    asc2_0806                                0x0800547c   Data         552  oled.o(.constdata)
    asc2_1206                                0x080056a4   Data        1140  oled.o(.constdata)
    asc2_1608                                0x08005b18   Data        1520  oled.o(.constdata)
    asc2_2412                                0x08006108   Data        3420  oled.o(.constdata)
    Hzk1                                     0x08006e64   Data        1056  oled.o(.constdata)
    Hzk2                                     0x08007284   Data          72  oled.o(.constdata)
    Hzk3                                     0x080072cc   Data         128  oled.o(.constdata)
    Hzk4                                     0x0800734c   Data         512  oled.o(.constdata)
    crc16_tab                                0x0800754c   Data         512  hp6.o(.constdata)
    cmd_bp_open                              0x0800774c   Data          24  hp6.o(.constdata)
    cmd_bp_close                             0x08007764   Data          24  hp6.o(.constdata)
    cmd_bp_result                            0x0800777c   Data          24  hp6.o(.constdata)
    cmd_rate_open                            0x08007794   Data          24  hp6.o(.constdata)
    cmd_rate_close                           0x080077ac   Data          24  hp6.o(.constdata)
    cmd_rate_result                          0x080077c4   Data          24  hp6.o(.constdata)
    cmd_get_adc                              0x080077dc   Data          24  hp6.o(.constdata)
    cmd_set_powersaving                      0x080077f4   Data          24  hp6.o(.constdata)
    cmd_get_version                          0x0800780c   Data          24  hp6.o(.constdata)
    Region$$Table$$Base                      0x08007824   Number         0  anon$$obj.o(Region$$Table)
    Region$$Table$$Limit                     0x08007844   Number         0  anon$$obj.o(Region$$Table)
    SystemCoreClock                          0x20000000   Data           4  system_stm32f4xx.o(.data)
    AHBPrescTable                            0x20000004   Data          16  system_stm32f4xx.o(.data)
    __stdout                                 0x20000018   Data           4  usart.o(.data)
    USART_RX_STA                             0x2000001c   Data           2  usart.o(.data)
    pxCurrentTCB                             0x20000020   Data           4  tasks.o(.data)
    StartTask_Handler                        0x20000094   Data           4  main.o(.data)
    STATE_Handler                            0x20000098   Data           4  main.o(.data)
    OUTPUT_Handler                           0x2000009c   Data           4  main.o(.data)
    DATA_Handler                             0x200000a0   Data           4  main.o(.data)
    th                                       0x200000a4   Data           8  main.o(.data)
    time                                     0x200000ac   Data           4  main.o(.data)
    date                                     0x200000b0   Data           4  main.o(.data)
    showflag                                 0x200000b4   Data           1  main.o(.data)
    Bpflag                                   0x200000b5   Data           1  main.o(.data)
    speed                                    0x200000b8   Data          12  exit.o(.data)
    speedindex                               0x200000c4   Data           4  exit.o(.data)
    flagOELD                                 0x200000c8   Data           1  exit.o(.data)
    flagPWM                                  0x200000cc   Data           4  exit.o(.data)
    SHT20                                    0x200000d4   Data           8  sht20.o(.data)
    TEMP                                     0x200000dc   Data           4  sht20.o(.data)
    HUMI                                     0x200000e0   Data           4  sht20.o(.data)
    USART_RX_BUF                             0x200000e4   Data         200  usart.o(.bss)
    xQueueRegistry                           0x200001ac   Data          64  queue.o(.bss)
    uiBuf                                    0x2001e4f8   Data          40  main.o(.bss)
    OLED_GRAM                                0x2001e520   Data        1152  oled.o(.bss)
    __initial_sp                             0x2001edd0   Data           0  startup_stm32f411xe.o(STACK)



==============================================================================

Memory Map of the image

  Image Entry point : 0x08000199

  Load Region LR_IROM1 (Base: 0x08000000, Size: 0x00007928, Max: 0x00080000, ABSOLUTE)

    Execution Region ER_IROM1 (Exec base: 0x08000000, Load base: 0x08000000, Size: 0x00007844, Max: 0x00080000, ABSOLUTE)

    Exec Addr    Load Addr    Size         Type   Attr      Idx    E Section Name        Object

    0x08000000   0x08000000   0x00000198   Data   RO           62    RESET               startup_stm32f411xe.o
    0x08000198   0x08000198   0x00000000   Code   RO         2172  * .ARM.Collect$$$$00000000  mc_w.l(entry.o)
    0x08000198   0x08000198   0x00000004   Code   RO         2448    .ARM.Collect$$$$00000001  mc_w.l(entry2.o)
    0x0800019c   0x0800019c   0x00000004   Code   RO         2451    .ARM.Collect$$$$00000004  mc_w.l(entry5.o)
    0x080001a0   0x080001a0   0x00000000   Code   RO         2453    .ARM.Collect$$$$00000008  mc_w.l(entry7b.o)
    0x080001a0   0x080001a0   0x00000000   Code   RO         2455    .ARM.Collect$$$$0000000A  mc_w.l(entry8b.o)
    0x080001a0   0x080001a0   0x00000008   Code   RO         2456    .ARM.Collect$$$$0000000B  mc_w.l(entry9a.o)
    0x080001a8   0x080001a8   0x00000000   Code   RO         2458    .ARM.Collect$$$$0000000D  mc_w.l(entry10a.o)
    0x080001a8   0x080001a8   0x00000000   Code   RO         2460    .ARM.Collect$$$$0000000F  mc_w.l(entry11a.o)
    0x080001a8   0x080001a8   0x00000004   Code   RO         2449    .ARM.Collect$$$$00002712  mc_w.l(entry2.o)
    0x080001ac   0x080001ac   0x000000b6   Code   RO         1374    .emb_text           port.o
    0x08000262   0x08000262   0x00000002   PAD
    0x08000264   0x08000264   0x00000024   Code   RO           63    .text               startup_stm32f411xe.o
    0x08000288   0x08000288   0x00000024   Code   RO         2175    .text               mc_w.l(memcpya.o)
    0x080002ac   0x080002ac   0x00000024   Code   RO         2177    .text               mc_w.l(memseta.o)
    0x080002d0   0x080002d0   0x00000026   Code   RO         2446    .text               mf_w.l(f2d.o)
    0x080002f6   0x080002f6   0x0000002c   Code   RO         2462    .text               mc_w.l(uidiv.o)
    0x08000322   0x08000322   0x00000062   Code   RO         2464    .text               mc_w.l(uldiv.o)
    0x08000384   0x08000384   0x00000000   Code   RO         2466    .text               mc_w.l(iusefp.o)
    0x08000384   0x08000384   0x0000014e   Code   RO         2467    .text               mf_w.l(dadd.o)
    0x080004d2   0x080004d2   0x000000e4   Code   RO         2469    .text               mf_w.l(dmul.o)
    0x080005b6   0x080005b6   0x000000de   Code   RO         2471    .text               mf_w.l(ddiv.o)
    0x08000694   0x08000694   0x00000030   Code   RO         2473    .text               mf_w.l(dfixul.o)
    0x080006c4   0x080006c4   0x00000030   Code   RO         2475    .text               mf_w.l(cdrcmple.o)
    0x080006f4   0x080006f4   0x00000024   Code   RO         2477    .text               mc_w.l(init.o)
    0x08000718   0x08000718   0x0000001e   Code   RO         2479    .text               mc_w.l(llshl.o)
    0x08000736   0x08000736   0x00000020   Code   RO         2481    .text               mc_w.l(llushr.o)
    0x08000756   0x08000756   0x00000024   Code   RO         2483    .text               mc_w.l(llsshr.o)
    0x0800077a   0x0800077a   0x000000ba   Code   RO         2485    .text               mf_w.l(depilogue.o)
    0x08000834   0x08000834   0x00000030   Code   RO         2010    i.Crc16             hp6.o
    0x08000864   0x08000864   0x0000001c   Code   RO         1612    i.EXTI0_IRQHandler  exit.o
    0x08000880   0x08000880   0x00000040   Code   RO          172    i.GPIO_AF_Set       sys.o
    0x080008c0   0x080008c0   0x000000de   Code   RO          173    i.GPIO_Set          sys.o
    0x0800099e   0x0800099e   0x00000002   PAD
    0x080009a0   0x080009a0   0x00000048   Code   RO         2130    i.HP6IIC_Init       hp6_iic.o
    0x080009e8   0x080009e8   0x00000078   Code   RO         2131    i.HP6IIC_ReadByte   hp6_iic.o
    0x08000a60   0x08000a60   0x00000030   Code   RO         2132    i.HP6IIC_Start      hp6_iic.o
    0x08000a90   0x08000a90   0x0000002c   Code   RO         2133    i.HP6IIC_Stop       hp6_iic.o
    0x08000abc   0x08000abc   0x0000007c   Code   RO         2134    i.HP6IIC_WriteByte  hp6_iic.o
    0x08000b38   0x08000b38   0x00000040   Code   RO         2011    i.HP_6_CloseBp      hp6.o
    0x08000b78   0x08000b78   0x00000040   Code   RO         2012    i.HP_6_CloseRate    hp6.o
    0x08000bb8   0x08000bb8   0x0000002c   Code   RO         2015    i.HP_6_GetBpResult  hp6.o
    0x08000be4   0x08000be4   0x0000002c   Code   RO         2016    i.HP_6_GetRateResult  hp6.o
    0x08000c10   0x08000c10   0x00000024   Code   RO         2017    i.HP_6_GetResultData  hp6.o
    0x08000c34   0x08000c34   0x0000003c   Code   RO         2018    i.HP_6_OpenBp       hp6.o
    0x08000c70   0x08000c70   0x0000003c   Code   RO         2019    i.HP_6_OpenRate     hp6.o
    0x08000cac   0x08000cac   0x00000046   Code   RO         2021    i.HP_6_SendCmd      hp6.o
    0x08000cf2   0x08000cf2   0x00000040   Code   RO         2023    i.Hp_6_I2CRead      hp6.o
    0x08000d32   0x08000d32   0x00000030   Code   RO         2024    i.Hp_6_I2CWrite     hp6.o
    0x08000d62   0x08000d62   0x00000002   PAD
    0x08000d64   0x08000d64   0x00000064   Code   RO         2025    i.Hp_6_init         hp6.o
    0x08000dc8   0x08000dc8   0x00000050   Code   RO         1914    i.IIC_Ack           sht20.o
    0x08000e18   0x08000e18   0x00000044   Code   RO         1915    i.IIC_Init          sht20.o
    0x08000e5c   0x08000e5c   0x00000050   Code   RO         1916    i.IIC_NAck          sht20.o
    0x08000eac   0x08000eac   0x0000006c   Code   RO         1917    i.IIC_Read_Byte     sht20.o
    0x08000f18   0x08000f18   0x0000006c   Code   RO         1918    i.IIC_Send_Byte     sht20.o
    0x08000f84   0x08000f84   0x0000004c   Code   RO         1919    i.IIC_Start         sht20.o
    0x08000fd0   0x08000fd0   0x0000004c   Code   RO         1920    i.IIC_Stop          sht20.o
    0x0800101c   0x0800101c   0x00000070   Code   RO         1921    i.IIC_Wait_Ack      sht20.o
    0x0800108c   0x0800108c   0x0000004c   Code   RO         1641    i.KEY_Scan          key.o
    0x080010d8   0x080010d8   0x00000054   Code   RO         1566    i.LED_Init          led.o
    0x0800112c   0x0800112c   0x00000090   Code   RO         1592    i.MOTOR_Init        motor.o
    0x080011bc   0x080011bc   0x00000078   Code   RO          176    i.MY_NVIC_Init      sys.o
    0x08001234   0x08001234   0x00000028   Code   RO          177    i.MY_NVIC_PriorityGroupConfig  sys.o
    0x0800125c   0x0800125c   0x00000028   Code   RO         1785    i.OLED_Clear        oled.o
    0x08001284   0x08001284   0x00000078   Code   RO         1792    i.OLED_DrawPoint    oled.o
    0x080012fc   0x080012fc   0x0000018c   Code   RO         1793    i.OLED_Init         oled.o
    0x08001488   0x08001488   0x0000004c   Code   RO         1795    i.OLED_Refresh      oled.o
    0x080014d4   0x080014d4   0x0000013c   Code   RO         1797    i.OLED_ShowChar     oled.o
    0x08001610   0x08001610   0x00000104   Code   RO         1798    i.OLED_ShowChinese  oled.o
    0x08001714   0x08001714   0x0000004a   Code   RO         1801    i.OLED_ShowString   oled.o
    0x0800175e   0x0800175e   0x00000002   PAD
    0x08001760   0x08001760   0x0000006c   Code   RO         1802    i.OLED_WR_Byte      oled.o
    0x080017cc   0x080017cc   0x00000040   Code   RO         1668    i.RTC_Alarm_IRQHandler  rtc.o
    0x0800180c   0x0800180c   0x00000016   Code   RO         1669    i.RTC_BCD2DEC       rtc.o
    0x08001822   0x08001822   0x0000001c   Code   RO         1670    i.RTC_DEC2BCD       rtc.o
    0x0800183e   0x0800183e   0x00000002   PAD
    0x08001840   0x08001840   0x00000044   Code   RO         1671    i.RTC_Get_Date      rtc.o
    0x08001884   0x08001884   0x00000044   Code   RO         1672    i.RTC_Get_Time      rtc.o
    0x080018c8   0x080018c8   0x000000f4   Code   RO         1674    i.RTC_Init          rtc.o
    0x080019bc   0x080019bc   0x00000040   Code   RO         1675    i.RTC_Init_Mode     rtc.o
    0x080019fc   0x080019fc   0x00000014   Code   RO         1676    i.RTC_Read_BKR      rtc.o
    0x08001a10   0x08001a10   0x00000064   Code   RO         1678    i.RTC_Set_Date      rtc.o
    0x08001a74   0x08001a74   0x00000064   Code   RO         1679    i.RTC_Set_Time      rtc.o
    0x08001ad8   0x08001ad8   0x000000bc   Code   RO         1680    i.RTC_Set_WakeUp    rtc.o
    0x08001b94   0x08001b94   0x0000002c   Code   RO         1681    i.RTC_WKUP_IRQHandler  rtc.o
    0x08001bc0   0x08001bc0   0x00000048   Code   RO         1682    i.RTC_Wait_Synchro  rtc.o
    0x08001c08   0x08001c08   0x00000010   Code   RO         1683    i.RTC_Write_BKR     rtc.o
    0x08001c18   0x08001c18   0x000000bc   Code   RO         1922    i.SHT2x_GetHumiPoll  sht20.o
    0x08001cd4   0x08001cd4   0x000000c4   Code   RO         1923    i.SHT2x_GetTempPoll  sht20.o
    0x08001d98   0x08001d98   0x00000010   Code   RO         1924    i.SHT2x_Init        sht20.o
    0x08001da8   0x08001da8   0x00000020   Code   RO         1925    i.SHT2x_SoftReset   sht20.o
    0x08001dc8   0x08001dc8   0x0000009c   Code   RO            3    i.SetSysClock       system_stm32f4xx.o
    0x08001e64   0x08001e64   0x00000010   Code   RO           69    i.SysTick_Handler   delay.o
    0x08001e74   0x08001e74   0x00000068   Code   RO            5    i.SystemInit        system_stm32f4xx.o
    0x08001edc   0x08001edc   0x00000080   Code   RO          269    i.USART1_IRQHandler  usart.o
    0x08001f5c   0x08001f5c   0x00000020   Code   RO         2418    i.__0printf         mc_w.l(printfa.o)
    0x08001f7c   0x08001f7c   0x00000028   Code   RO         2420    i.__0sprintf        mc_w.l(printfa.o)
    0x08001fa4   0x08001fa4   0x0000000e   Code   RO         2489    i.__scatterload_copy  mc_w.l(handlers.o)
    0x08001fb2   0x08001fb2   0x00000002   Code   RO         2490    i.__scatterload_null  mc_w.l(handlers.o)
    0x08001fb4   0x08001fb4   0x0000000e   Code   RO         2491    i.__scatterload_zeroinit  mc_w.l(handlers.o)
    0x08001fc2   0x08001fc2   0x00000002   PAD
    0x08001fc4   0x08001fc4   0x00000184   Code   RO         2425    i._fp_digits        mc_w.l(printfa.o)
    0x08002148   0x08002148   0x000006dc   Code   RO         2426    i._printf_core      mc_w.l(printfa.o)
    0x08002824   0x08002824   0x00000024   Code   RO         2427    i._printf_post_padding  mc_w.l(printfa.o)
    0x08002848   0x08002848   0x0000002e   Code   RO         2428    i._printf_pre_padding  mc_w.l(printfa.o)
    0x08002876   0x08002876   0x0000000a   Code   RO         2430    i._sputc            mc_w.l(printfa.o)
    0x08002880   0x08002880   0x00000140   Code   RO         1464    i.data              main.o
    0x080029c0   0x080029c0   0x00000064   Code   RO           70    i.delay_init        delay.o
    0x08002a24   0x08002a24   0x00000040   Code   RO           71    i.delay_ms          delay.o
    0x08002a64   0x08002a64   0x00000048   Code   RO           72    i.delay_us          delay.o
    0x08002aac   0x08002aac   0x0000001c   Code   RO          271    i.fputc             usart.o
    0x08002ac8   0x08002ac8   0x0000002c   Code   RO         1642    i.key_init          key.o
    0x08002af4   0x08002af4   0x00000148   Code   RO         1465    i.main              main.o
    0x08002c3c   0x08002c3c   0x000003c4   Code   RO         1466    i.output            main.o
    0x08003000   0x08003000   0x00000098   Code   RO          799    i.prvAddCurrentTaskToDelayedList  tasks.o
    0x08003098   0x08003098   0x000000b8   Code   RO          800    i.prvAddNewTaskToReadyList  tasks.o
    0x08003150   0x08003150   0x00000064   Code   RO         1171    i.prvCheckForValidListAndQueue  timers.o
    0x080031b4   0x080031b4   0x00000064   Code   RO          801    i.prvCheckTasksWaitingTermination  tasks.o
    0x08003218   0x08003218   0x0000002a   Code   RO          551    i.prvCopyDataFromQueue  queue.o
    0x08003242   0x08003242   0x0000007c   Code   RO          552    i.prvCopyDataToQueue  queue.o
    0x080032be   0x080032be   0x00000012   Code   RO          802    i.prvDeleteTCB      tasks.o
    0x080032d0   0x080032d0   0x00000028   Code   RO         1172    i.prvGetNextExpireTime  timers.o
    0x080032f8   0x080032f8   0x0000007c   Code   RO         1313    i.prvHeapInit       heap_4.o
    0x08003374   0x08003374   0x00000028   Code   RO          803    i.prvIdleTask       tasks.o
    0x0800339c   0x0800339c   0x0000002e   Code   RO          554    i.prvInitialiseNewQueue  queue.o
    0x080033ca   0x080033ca   0x00000002   PAD
    0x080033cc   0x080033cc   0x000000d0   Code   RO          804    i.prvInitialiseNewTask  tasks.o
    0x0800349c   0x0800349c   0x00000068   Code   RO          805    i.prvInitialiseTaskLists  tasks.o
    0x08003504   0x08003504   0x00000068   Code   RO         1314    i.prvInsertBlockIntoFreeList  heap_4.o
    0x0800356c   0x0800356c   0x00000058   Code   RO         1174    i.prvInsertTimerInActiveList  timers.o
    0x080035c4   0x080035c4   0x0000001a   Code   RO          555    i.prvIsQueueEmpty   queue.o
    0x080035de   0x080035de   0x0000001e   Code   RO          556    i.prvIsQueueFull    queue.o
    0x080035fc   0x080035fc   0x000000a0   Code   RO          557    i.prvNotifyQueueSetContainer  queue.o
    0x0800369c   0x0800369c   0x0000007c   Code   RO         1175    i.prvProcessExpiredTimer  timers.o
    0x08003718   0x08003718   0x00000128   Code   RO         1176    i.prvProcessReceivedCommands  timers.o
    0x08003840   0x08003840   0x00000074   Code   RO         1177    i.prvProcessTimerOrBlockTask  timers.o
    0x080038b4   0x080038b4   0x00000034   Code   RO          807    i.prvResetNextTaskUnblockTime  tasks.o
    0x080038e8   0x080038e8   0x0000002c   Code   RO         1178    i.prvSampleTimeNow  timers.o
    0x08003914   0x08003914   0x000000b8   Code   RO         1179    i.prvSwitchTimerLists  timers.o
    0x080039cc   0x080039cc   0x00000070   Code   RO         1375    i.prvTaskExitError  port.o
    0x08003a3c   0x08003a3c   0x0000001a   Code   RO         1180    i.prvTimerTask      timers.o
    0x08003a56   0x08003a56   0x00000092   Code   RO          558    i.prvUnlockQueue    queue.o
    0x08003ae8   0x08003ae8   0x00000150   Code   RO         1315    i.pvPortMalloc      heap_4.o
    0x08003c38   0x08003c38   0x00000020   Code   RO          811    i.pvTaskIncrementMutexHeldCount  tasks.o
    0x08003c58   0x08003c58   0x0000002c   Code   RO         1376    i.pxPortInitialiseStack  port.o
    0x08003c84   0x08003c84   0x00000094   Code   RO         1467    i.start_task        main.o
    0x08003d18   0x08003d18   0x000000c8   Code   RO         1468    i.state             main.o
    0x08003de0   0x08003de0   0x00000100   Code   RO          272    i.uart_init         usart.o
    0x08003ee0   0x08003ee0   0x00000028   Code   RO          502    i.uxListRemove      list.o
    0x08003f08   0x08003f08   0x0000001a   Code   RO          503    i.vListInitialise   list.o
    0x08003f22   0x08003f22   0x00000006   Code   RO          504    i.vListInitialiseItem  list.o
    0x08003f28   0x08003f28   0x00000034   Code   RO          505    i.vListInsert       list.o
    0x08003f5c   0x08003f5c   0x00000018   Code   RO          506    i.vListInsertEnd    list.o
    0x08003f74   0x08003f74   0x00000084   Code   RO         1378    i.vPortEnterCritical  port.o
    0x08003ff8   0x08003ff8   0x0000006c   Code   RO         1379    i.vPortExitCritical  port.o
    0x08004064   0x08004064   0x000000b4   Code   RO         1316    i.vPortFree         heap_4.o
    0x08004118   0x08004118   0x00000020   Code   RO         1380    i.vPortSetupTimerInterrupt  port.o
    0x08004138   0x08004138   0x0000009c   Code   RO         1381    i.vPortValidateInterruptPriority  port.o
    0x080041d4   0x080041d4   0x0000002c   Code   RO          564    i.vQueueAddToRegistry  queue.o
    0x08004200   0x08004200   0x0000004a   Code   RO          568    i.vQueueWaitForMessageRestricted  queue.o
    0x0800424a   0x0800424a   0x00000002   PAD
    0x0800424c   0x0800424c   0x00000074   Code   RO          819    i.vTaskDelay        tasks.o
    0x080042c0   0x080042c0   0x0000010c   Code   RO          821    i.vTaskDelete       tasks.o
    0x080043cc   0x080043cc   0x0000000c   Code   RO          825    i.vTaskMissedYield  tasks.o
    0x080043d8   0x080043d8   0x00000054   Code   RO          827    i.vTaskPlaceOnEventList  tasks.o
    0x0800442c   0x0800442c   0x0000005c   Code   RO          828    i.vTaskPlaceOnEventListRestricted  tasks.o
    0x08004488   0x08004488   0x000000b0   Code   RO          830    i.vTaskPriorityInherit  tasks.o
    0x08004538   0x08004538   0x0000004c   Code   RO          834    i.vTaskSetTimeOutState  tasks.o
    0x08004584   0x08004584   0x000000ac   Code   RO          835    i.vTaskStartScheduler  tasks.o
    0x08004630   0x08004630   0x00000010   Code   RO          837    i.vTaskSuspendAll   tasks.o
    0x08004640   0x08004640   0x000000a8   Code   RO          838    i.vTaskSwitchContext  tasks.o
    0x080046e8   0x080046e8   0x00000158   Code   RO         1382    i.xPortStartScheduler  port.o
    0x08004840   0x08004840   0x00000034   Code   RO         1383    i.xPortSysTickHandler  port.o
    0x08004874   0x08004874   0x00000074   Code   RO          573    i.xQueueGenericCreate  queue.o
    0x080048e8   0x080048e8   0x000001c8   Code   RO          574    i.xQueueGenericReceive  queue.o
    0x08004ab0   0x08004ab0   0x000000b0   Code   RO          575    i.xQueueGenericReset  queue.o
    0x08004b60   0x08004b60   0x000001c4   Code   RO          576    i.xQueueGenericSend  queue.o
    0x08004d24   0x08004d24   0x00000110   Code   RO          577    i.xQueueGenericSendFromISR  queue.o
    0x08004e34   0x08004e34   0x000000a0   Code   RO          839    i.xTaskCheckForTimeOut  tasks.o
    0x08004ed4   0x08004ed4   0x00000060   Code   RO          840    i.xTaskCreate       tasks.o
    0x08004f34   0x08004f34   0x00000020   Code   RO          844    i.xTaskGetSchedulerState  tasks.o
    0x08004f54   0x08004f54   0x0000000c   Code   RO          845    i.xTaskGetTickCount  tasks.o
    0x08004f60   0x08004f60   0x00000160   Code   RO          847    i.xTaskIncrementTick  tasks.o
    0x080050c0   0x080050c0   0x000000d8   Code   RO          850    i.xTaskPriorityDisinherit  tasks.o
    0x08005198   0x08005198   0x000000b4   Code   RO          851    i.xTaskRemoveFromEventList  tasks.o
    0x0800524c   0x0800524c   0x00000120   Code   RO          853    i.xTaskResumeAll    tasks.o
    0x0800536c   0x0800536c   0x00000070   Code   RO         1184    i.xTimerCreateTimerTask  timers.o
    0x080053dc   0x080053dc   0x000000a0   Code   RO         1185    i.xTimerGenericCommand  timers.o
    0x0800547c   0x0800547c   0x000020d0   Data   RO         1804    .constdata          oled.o
    0x0800754c   0x0800754c   0x000002d8   Data   RO         2027    .constdata          hp6.o
    0x08007824   0x08007824   0x00000020   Data   RO         2487    Region$$Table       anon$$obj.o


    Execution Region RW_IRAM1 (Exec base: 0x20000000, Load base: 0x08007844, Size: 0x0001edd0, Max: 0x00020000, ABSOLUTE)

    Exec Addr    Load Addr    Size         Type   Attr      Idx    E Section Name        Object

    0x20000000   0x08007844   0x00000014   Data   RW            6    .data               system_stm32f4xx.o
    0x20000014   0x08007858   0x00000004   Data   RW           74    .data               delay.o
    0x20000018   0x0800785c   0x00000006   Data   RW          274    .data               usart.o
    0x2000001e   0x08007862   0x00000002   PAD
    0x20000020   0x08007864   0x0000003c   Data   RW          856    .data               tasks.o
    0x2000005c   0x080078a0   0x00000014   Data   RW         1193    .data               timers.o
    0x20000070   0x080078b4   0x00000018   Data   RW         1321    .data               heap_4.o
    0x20000088   0x080078cc   0x0000000c   Data   RW         1384    .data               port.o
    0x20000094   0x080078d8   0x00000023   Data   RW         1470    .data               main.o
    0x200000b7   0x080078fb   0x00000001   PAD
    0x200000b8   0x080078fc   0x00000018   Data   RW         1614    .data               exit.o
    0x200000d0   0x08007914   0x00000001   Data   RW         1643    .data               key.o
    0x200000d1   0x08007915   0x00000003   PAD
    0x200000d4   0x08007918   0x00000010   Data   RW         1926    .data               sht20.o
    0x200000e4        -       0x000000c8   Zero   RW          273    .bss                usart.o
    0x200001ac        -       0x00000040   Zero   RW          588    .bss                queue.o
    0x200001ec        -       0x000002e4   Zero   RW          855    .bss                tasks.o
    0x200004d0        -       0x00000028   Zero   RW         1192    .bss                timers.o
    0x200004f8        -       0x0001e000   Zero   RW         1320    .bss                heap_4.o
    0x2001e4f8        -       0x00000028   Zero   RW         1469    .bss                main.o
    0x2001e520        -       0x00000480   Zero   RW         1803    .bss                oled.o
    0x2001e9a0        -       0x00000030   Zero   RW         2026    .bss                hp6.o
    0x2001e9d0        -       0x00000400   Zero   RW           60    STACK               startup_stm32f411xe.o


==============================================================================

Image component sizes


      Code (inc. data)   RO Data    RW Data    ZI Data      Debug   Object Name

       252         26          0          4          0     208765   delay.o
         0          0          0          0          0      11648   event_groups.o
        28          8          0         24          0       1219   exit.o
       744        168          0         24     122880       3955   heap_4.o
       702        118        728          0         48       8309   hp6.o
       408         26          0          0          0       2752   hp6_iic.o
       120         18          0          1          0       1058   key.o
        84         14          0          0          0        447   led.o
       148          0          0          0          0       3202   list.o
      1960        360          0         35         40      31435   main.o
       144          8          0          0          0        593   motor.o
      1390         82       8400          0       1152       7225   oled.o
      1162        376          0         12          0      10857   port.o
      2164        238          0          0         64      15545   queue.o
      1098         90          0          0          0       8739   rtc.o
      1140        170          0         16          0       7899   sht20.o
        36          8        408          0       1024        812   startup_stm32f411xe.o
       446         12          0          0          0       3042   sys.o
       260         34          0         20          0       6241   system_stm32f4xx.o
      3406        878          0         60        740      28871   tasks.o
      1290        292          0         20         40       8635   timers.o
       412         34          0          6        200       3800   usart.o

    ----------------------------------------------------------------------
     17408       2960       9568        228     126188     375049   Object Totals
         0          0         32          0          0          0   (incl. Generated)
        14          0          0          6          0          0   (incl. Padding)

    ----------------------------------------------------------------------

      Code (inc. data)   RO Data    RW Data    ZI Data      Debug   Library Member Name

         0          0          0          0          0          0   entry.o
         0          0          0          0          0          0   entry10a.o
         0          0          0          0          0          0   entry11a.o
         8          4          0          0          0          0   entry2.o
         4          0          0          0          0          0   entry5.o
         0          0          0          0          0          0   entry7b.o
         0          0          0          0          0          0   entry8b.o
         8          4          0          0          0          0   entry9a.o
        30          0          0          0          0          0   handlers.o
        36          8          0          0          0         68   init.o
         0          0          0          0          0          0   iusefp.o
        30          0          0          0          0         68   llshl.o
        36          0          0          0          0         68   llsshr.o
        32          0          0          0          0         68   llushr.o
        36          0          0          0          0         68   memcpya.o
        36          0          0          0          0        108   memseta.o
      2308         96          0          0          0        604   printfa.o
        44          0          0          0          0         80   uidiv.o
        98          0          0          0          0         92   uldiv.o
        48          0          0          0          0         68   cdrcmple.o
       334          0          0          0          0        148   dadd.o
       222          0          0          0          0        100   ddiv.o
       186          0          0          0          0        176   depilogue.o
        48          0          0          0          0         68   dfixul.o
       228          0          0          0          0         96   dmul.o
        38          0          0          0          0         68   f2d.o

    ----------------------------------------------------------------------
      3812        112          0          0          0       1948   Library Totals
         2          0          0          0          0          0   (incl. Padding)

    ----------------------------------------------------------------------

      Code (inc. data)   RO Data    RW Data    ZI Data      Debug   Library Name

      2706        112          0          0          0       1224   mc_w.l
      1104          0          0          0          0        724   mf_w.l

    ----------------------------------------------------------------------
      3812        112          0          0          0       1948   Library Totals

    ----------------------------------------------------------------------

==============================================================================


      Code (inc. data)   RO Data    RW Data    ZI Data      Debug   

     21220       3072       9568        228     126188     362213   Grand Totals
     21220       3072       9568        228     126188     362213   ELF Image Totals
     21220       3072       9568        228          0          0   ROM Totals

==============================================================================

    Total RO  Size (Code + RO Data)                30788 (  30.07kB)
    Total RW  Size (RW Data + ZI Data)            126416 ( 123.45kB)
    Total ROM Size (Code + RO Data + RW Data)      31016 (  30.29kB)

==============================================================================

